Using device: cuda
Detected input dimension: 84
Detected input dimension: 84
Training samples: 50420
Validation samples: 7047
Input dimension: 84

Training on 27 classes:
   0: IGNORE
   1: NO_GESTURE
   2: STOP_SIGN
   3: PUSHING_HAND_AWAY
   4: SWIPE_DOWN
   5: SWIPE_LEFT
   6: SWIPE_RIGHT
   7: SWIPE_UP
   8: THUMB_DOWN
   9: THUMB_UP
  10: ZOOM_IN
  11: ZOOM_OUT
  12: CLASS_12
  13: CLASS_13
  14: CLASS_14
  15: CLASS_15
  16: CLASS_16
  17: CLASS_17
  18: CLASS_18
  19: CLASS_19
  20: CLASS_20
  21: CLASS_21
  22: CLASS_22
  23: CLASS_23
  24: CLASS_24
  25: CLASS_25
  26: CLASS_26
Model parameters: 717,507

🚀 Starting training with modified labels...

Per-class accuracy:
   0 (IGNORE): 0.656
   1 (NO_GESTURE): 0.636
   2 (STOP_SIGN): 0.831
   3 (PUSHING_HAND_AWAY): 0.539
   4 (SWIPE_DOWN): 0.634
   5 (SWIPE_LEFT): 0.688
   6 (SWIPE_RIGHT): 0.573
   7 (SWIPE_UP): 0.612
   8 (THUMB_DOWN): 0.691
   9 (THUMB_UP): 0.697
  10 (ZOOM_IN): 0.573
  11 (ZOOM_OUT): 0.682
  12 (CLASS_12): 0.074
  13 (CLASS_13): 0.753
  14 (CLASS_14): 0.398
  15 (CLASS_15): 0.641
  16 (CLASS_16): 0.813
  17 (CLASS_17): 0.785
  18 (CLASS_18): 0.844
  19 (CLASS_19): 0.797
  20 (CLASS_20): 0.710
  21 (CLASS_21): 0.808
  22 (CLASS_22): 0.657
  23 (CLASS_23): 0.722
  24 (CLASS_24): 0.661
  25 (CLASS_25): 0.910
  26 (CLASS_26): 0.471
[epoch  1] train_acc=0.5248 train_loss=1.6452 val_acc=0.6528 lr=5.00e-04
Per-class val accuracy (summary): IGNORE: 0.656 | NO_GESTURE: 0.636 | STOP_SIGN: 0.831 | PUSHING_HAND_AWAY: 0.539 | SWIPE_DOWN: 0.634 | SWIPE_LEFT: 0.688 | SWIPE_RIGHT: 0.573 | SWIPE_UP: 0.612 | THUMB_DOWN: 0.691 | THUMB_UP: 0.697 | ZOOM_IN: 0.573 | ZOOM_OUT: 0.682 | CLASS_12: 0.074 | CLASS_13: 0.753 | CLASS_14: 0.398 | CLASS_15: 0.641 | CLASS_16: 0.813 | CLASS_17: 0.785 | CLASS_18: 0.844 | CLASS_19: 0.797 | CLASS_20: 0.710 | CLASS_21: 0.808 | CLASS_22: 0.657 | CLASS_23: 0.722 | CLASS_24: 0.661 | CLASS_25: 0.910 | CLASS_26: 0.471
  → New best model saved! (val_acc: 0.6528)

Per-class accuracy:
   0 (IGNORE): 0.725
   1 (NO_GESTURE): 0.619
   2 (STOP_SIGN): 0.770
   3 (PUSHING_HAND_AWAY): 0.672
   4 (SWIPE_DOWN): 0.728
   5 (SWIPE_LEFT): 0.784
   6 (SWIPE_RIGHT): 0.683
   7 (SWIPE_UP): 0.636
   8 (THUMB_DOWN): 0.715
   9 (THUMB_UP): 0.680
  10 (ZOOM_IN): 0.635
  11 (ZOOM_OUT): 0.708
  12 (CLASS_12): 0.586
  13 (CLASS_13): 0.481
  14 (CLASS_14): 0.668
  15 (CLASS_15): 0.688
  16 (CLASS_16): 0.802
  17 (CLASS_17): 0.831
  18 (CLASS_18): 0.821
  19 (CLASS_19): 0.847
  20 (CLASS_20): 0.710
  21 (CLASS_21): 0.820
  22 (CLASS_22): 0.694
  23 (CLASS_23): 0.795
  24 (CLASS_24): 0.735
  25 (CLASS_25): 0.914
  26 (CLASS_26): 0.557
[epoch  2] train_acc=0.6845 train_loss=1.0787 val_acc=0.7071 lr=5.00e-04
Per-class val accuracy (summary): IGNORE: 0.725 | NO_GESTURE: 0.619 | STOP_SIGN: 0.770 | PUSHING_HAND_AWAY: 0.672 | SWIPE_DOWN: 0.728 | SWIPE_LEFT: 0.784 | SWIPE_RIGHT: 0.683 | SWIPE_UP: 0.636 | THUMB_DOWN: 0.715 | THUMB_UP: 0.680 | ZOOM_IN: 0.635 | ZOOM_OUT: 0.708 | CLASS_12: 0.586 | CLASS_13: 0.481 | CLASS_14: 0.668 | CLASS_15: 0.688 | CLASS_16: 0.802 | CLASS_17: 0.831 | CLASS_18: 0.821 | CLASS_19: 0.847 | CLASS_20: 0.710 | CLASS_21: 0.820 | CLASS_22: 0.694 | CLASS_23: 0.795 | CLASS_24: 0.735 | CLASS_25: 0.914 | CLASS_26: 0.557
  → New best model saved! (val_acc: 0.7071)

Per-class accuracy:
   0 (IGNORE): 0.672
   1 (NO_GESTURE): 0.701
   2 (STOP_SIGN): 0.819
   3 (PUSHING_HAND_AWAY): 0.768
   4 (SWIPE_DOWN): 0.829
   5 (SWIPE_LEFT): 0.708
   6 (SWIPE_RIGHT): 0.642
   7 (SWIPE_UP): 0.674
   8 (THUMB_DOWN): 0.763
   9 (THUMB_UP): 0.738
  10 (ZOOM_IN): 0.672
  11 (ZOOM_OUT): 0.700
  12 (CLASS_12): 0.549
  13 (CLASS_13): 0.590
  14 (CLASS_14): 0.556
  15 (CLASS_15): 0.656
  16 (CLASS_16): 0.851
  17 (CLASS_17): 0.831
  18 (CLASS_18): 0.852
  19 (CLASS_19): 0.854
  20 (CLASS_20): 0.727
  21 (CLASS_21): 0.812
  22 (CLASS_22): 0.763
  23 (CLASS_23): 0.788
  24 (CLASS_24): 0.837
  25 (CLASS_25): 0.902
  26 (CLASS_26): 0.628
[epoch  3] train_acc=0.7214 train_loss=0.9616 val_acc=0.7329 lr=5.00e-04
Per-class val accuracy (summary): IGNORE: 0.672 | NO_GESTURE: 0.701 | STOP_SIGN: 0.819 | PUSHING_HAND_AWAY: 0.768 | SWIPE_DOWN: 0.829 | SWIPE_LEFT: 0.708 | SWIPE_RIGHT: 0.642 | SWIPE_UP: 0.674 | THUMB_DOWN: 0.763 | THUMB_UP: 0.738 | ZOOM_IN: 0.672 | ZOOM_OUT: 0.700 | CLASS_12: 0.549 | CLASS_13: 0.590 | CLASS_14: 0.556 | CLASS_15: 0.656 | CLASS_16: 0.851 | CLASS_17: 0.831 | CLASS_18: 0.852 | CLASS_19: 0.854 | CLASS_20: 0.727 | CLASS_21: 0.812 | CLASS_22: 0.763 | CLASS_23: 0.788 | CLASS_24: 0.837 | CLASS_25: 0.902 | CLASS_26: 0.628
  → New best model saved! (val_acc: 0.7329)

Per-class accuracy:
   0 (IGNORE): 0.717
   1 (NO_GESTURE): 0.779
   2 (STOP_SIGN): 0.831
   3 (PUSHING_HAND_AWAY): 0.788
   4 (SWIPE_DOWN): 0.707
   5 (SWIPE_LEFT): 0.764
   6 (SWIPE_RIGHT): 0.675
   7 (SWIPE_UP): 0.678
   8 (THUMB_DOWN): 0.675
   9 (THUMB_UP): 0.734
  10 (ZOOM_IN): 0.726
  11 (ZOOM_OUT): 0.704
  12 (CLASS_12): 0.693
  13 (CLASS_13): 0.439
  14 (CLASS_14): 0.648
  15 (CLASS_15): 0.719
  16 (CLASS_16): 0.851
  17 (CLASS_17): 0.781
  18 (CLASS_18): 0.848
  19 (CLASS_19): 0.843
  20 (CLASS_20): 0.752
  21 (CLASS_21): 0.808
  22 (CLASS_22): 0.739
  23 (CLASS_23): 0.737
  24 (CLASS_24): 0.864
  25 (CLASS_25): 0.871
  26 (CLASS_26): 0.669
[epoch  4] train_acc=0.7413 train_loss=0.8919 val_acc=0.7396 lr=5.00e-04
Per-class val accuracy (summary): IGNORE: 0.717 | NO_GESTURE: 0.779 | STOP_SIGN: 0.831 | PUSHING_HAND_AWAY: 0.788 | SWIPE_DOWN: 0.707 | SWIPE_LEFT: 0.764 | SWIPE_RIGHT: 0.675 | SWIPE_UP: 0.678 | THUMB_DOWN: 0.675 | THUMB_UP: 0.734 | ZOOM_IN: 0.726 | ZOOM_OUT: 0.704 | CLASS_12: 0.693 | CLASS_13: 0.439 | CLASS_14: 0.648 | CLASS_15: 0.719 | CLASS_16: 0.851 | CLASS_17: 0.781 | CLASS_18: 0.848 | CLASS_19: 0.843 | CLASS_20: 0.752 | CLASS_21: 0.808 | CLASS_22: 0.739 | CLASS_23: 0.737 | CLASS_24: 0.864 | CLASS_25: 0.871 | CLASS_26: 0.669
  → New best model saved! (val_acc: 0.7396)

Per-class accuracy:
   0 (IGNORE): 0.688
   1 (NO_GESTURE): 0.749
   2 (STOP_SIGN): 0.786
   3 (PUSHING_HAND_AWAY): 0.772
   4 (SWIPE_DOWN): 0.858
   5 (SWIPE_LEFT): 0.760
   6 (SWIPE_RIGHT): 0.667
   7 (SWIPE_UP): 0.707
   8 (THUMB_DOWN): 0.751
   9 (THUMB_UP): 0.697
  10 (ZOOM_IN): 0.710
  11 (ZOOM_OUT): 0.768
  12 (CLASS_12): 0.799
  13 (CLASS_13): 0.510
  14 (CLASS_14): 0.622
  15 (CLASS_15): 0.708
  16 (CLASS_16): 0.821
  17 (CLASS_17): 0.850
  18 (CLASS_18): 0.848
  19 (CLASS_19): 0.831
  20 (CLASS_20): 0.748
  21 (CLASS_21): 0.816
  22 (CLASS_22): 0.784
  23 (CLASS_23): 0.822
  24 (CLASS_24): 0.852
  25 (CLASS_25): 0.883
  26 (CLASS_26): 0.647
[epoch  5] train_acc=0.7599 train_loss=0.8400 val_acc=0.7529 lr=5.00e-04
Per-class val accuracy (summary): IGNORE: 0.688 | NO_GESTURE: 0.749 | STOP_SIGN: 0.786 | PUSHING_HAND_AWAY: 0.772 | SWIPE_DOWN: 0.858 | SWIPE_LEFT: 0.760 | SWIPE_RIGHT: 0.667 | SWIPE_UP: 0.707 | THUMB_DOWN: 0.751 | THUMB_UP: 0.697 | ZOOM_IN: 0.710 | ZOOM_OUT: 0.768 | CLASS_12: 0.799 | CLASS_13: 0.510 | CLASS_14: 0.622 | CLASS_15: 0.708 | CLASS_16: 0.821 | CLASS_17: 0.850 | CLASS_18: 0.848 | CLASS_19: 0.831 | CLASS_20: 0.748 | CLASS_21: 0.816 | CLASS_22: 0.784 | CLASS_23: 0.822 | CLASS_24: 0.852 | CLASS_25: 0.883 | CLASS_26: 0.647
  → New best model saved! (val_acc: 0.7529)

Per-class accuracy:
   0 (IGNORE): 0.700
   1 (NO_GESTURE): 0.736
   2 (STOP_SIGN): 0.883
   3 (PUSHING_HAND_AWAY): 0.743
   4 (SWIPE_DOWN): 0.711
   5 (SWIPE_LEFT): 0.820
   6 (SWIPE_RIGHT): 0.687
   7 (SWIPE_UP): 0.649
   8 (THUMB_DOWN): 0.851
   9 (THUMB_UP): 0.754
  10 (ZOOM_IN): 0.523
  11 (ZOOM_OUT): 0.777
  12 (CLASS_12): 0.684
  13 (CLASS_13): 0.728
  14 (CLASS_14): 0.602
  15 (CLASS_15): 0.682
  16 (CLASS_16): 0.828
  17 (CLASS_17): 0.858
  18 (CLASS_18): 0.833
  19 (CLASS_19): 0.847
  20 (CLASS_20): 0.731
  21 (CLASS_21): 0.820
  22 (CLASS_22): 0.890
  23 (CLASS_23): 0.699
  24 (CLASS_24): 0.805
  25 (CLASS_25): 0.883
  26 (CLASS_26): 0.676
[epoch  6] train_acc=0.7725 train_loss=0.8010 val_acc=0.7532 lr=5.00e-04
Per-class val accuracy (summary): IGNORE: 0.700 | NO_GESTURE: 0.736 | STOP_SIGN: 0.883 | PUSHING_HAND_AWAY: 0.743 | SWIPE_DOWN: 0.711 | SWIPE_LEFT: 0.820 | SWIPE_RIGHT: 0.687 | SWIPE_UP: 0.649 | THUMB_DOWN: 0.851 | THUMB_UP: 0.754 | ZOOM_IN: 0.523 | ZOOM_OUT: 0.777 | CLASS_12: 0.684 | CLASS_13: 0.728 | CLASS_14: 0.602 | CLASS_15: 0.682 | CLASS_16: 0.828 | CLASS_17: 0.858 | CLASS_18: 0.833 | CLASS_19: 0.847 | CLASS_20: 0.731 | CLASS_21: 0.820 | CLASS_22: 0.890 | CLASS_23: 0.699 | CLASS_24: 0.805 | CLASS_25: 0.883 | CLASS_26: 0.676
  → New best model saved! (val_acc: 0.7532)

Per-class accuracy:
   0 (IGNORE): 0.684
   1 (NO_GESTURE): 0.771
   2 (STOP_SIGN): 0.831
   3 (PUSHING_HAND_AWAY): 0.768
   4 (SWIPE_DOWN): 0.870
   5 (SWIPE_LEFT): 0.808
   6 (SWIPE_RIGHT): 0.707
   7 (SWIPE_UP): 0.719
   8 (THUMB_DOWN): 0.771
   9 (THUMB_UP): 0.791
  10 (ZOOM_IN): 0.743
  11 (ZOOM_OUT): 0.781
  12 (CLASS_12): 0.775
  13 (CLASS_13): 0.615
  14 (CLASS_14): 0.658
  15 (CLASS_15): 0.724
  16 (CLASS_16): 0.863
  17 (CLASS_17): 0.850
  18 (CLASS_18): 0.829
  19 (CLASS_19): 0.839
  20 (CLASS_20): 0.744
  21 (CLASS_21): 0.820
  22 (CLASS_22): 0.829
  23 (CLASS_23): 0.807
  24 (CLASS_24): 0.883
  25 (CLASS_25): 0.875
  26 (CLASS_26): 0.680
[epoch  7] train_acc=0.7845 train_loss=0.7657 val_acc=0.7749 lr=5.00e-04
Per-class val accuracy (summary): IGNORE: 0.684 | NO_GESTURE: 0.771 | STOP_SIGN: 0.831 | PUSHING_HAND_AWAY: 0.768 | SWIPE_DOWN: 0.870 | SWIPE_LEFT: 0.808 | SWIPE_RIGHT: 0.707 | SWIPE_UP: 0.719 | THUMB_DOWN: 0.771 | THUMB_UP: 0.791 | ZOOM_IN: 0.743 | ZOOM_OUT: 0.781 | CLASS_12: 0.775 | CLASS_13: 0.615 | CLASS_14: 0.658 | CLASS_15: 0.724 | CLASS_16: 0.863 | CLASS_17: 0.850 | CLASS_18: 0.829 | CLASS_19: 0.839 | CLASS_20: 0.744 | CLASS_21: 0.820 | CLASS_22: 0.829 | CLASS_23: 0.807 | CLASS_24: 0.883 | CLASS_25: 0.875 | CLASS_26: 0.680
  → New best model saved! (val_acc: 0.7749)

Per-class accuracy:
   0 (IGNORE): 0.725
   1 (NO_GESTURE): 0.758
   2 (STOP_SIGN): 0.879
   3 (PUSHING_HAND_AWAY): 0.759
   4 (SWIPE_DOWN): 0.785
   5 (SWIPE_LEFT): 0.804
   6 (SWIPE_RIGHT): 0.703
   7 (SWIPE_UP): 0.719
   8 (THUMB_DOWN): 0.759
   9 (THUMB_UP): 0.750
  10 (ZOOM_IN): 0.743
  11 (ZOOM_OUT): 0.820
  12 (CLASS_12): 0.807
  13 (CLASS_13): 0.582
  14 (CLASS_14): 0.684
  15 (CLASS_15): 0.672
  16 (CLASS_16): 0.866
  17 (CLASS_17): 0.869
  18 (CLASS_18): 0.868
  19 (CLASS_19): 0.839
  20 (CLASS_20): 0.731
  21 (CLASS_21): 0.828
  22 (CLASS_22): 0.886
  23 (CLASS_23): 0.873
  24 (CLASS_24): 0.879
  25 (CLASS_25): 0.891
  26 (CLASS_26): 0.644
[epoch  8] train_acc=0.7920 train_loss=0.7387 val_acc=0.7761 lr=5.00e-04
Per-class val accuracy (summary): IGNORE: 0.725 | NO_GESTURE: 0.758 | STOP_SIGN: 0.879 | PUSHING_HAND_AWAY: 0.759 | SWIPE_DOWN: 0.785 | SWIPE_LEFT: 0.804 | SWIPE_RIGHT: 0.703 | SWIPE_UP: 0.719 | THUMB_DOWN: 0.759 | THUMB_UP: 0.750 | ZOOM_IN: 0.743 | ZOOM_OUT: 0.820 | CLASS_12: 0.807 | CLASS_13: 0.582 | CLASS_14: 0.684 | CLASS_15: 0.672 | CLASS_16: 0.866 | CLASS_17: 0.869 | CLASS_18: 0.868 | CLASS_19: 0.839 | CLASS_20: 0.731 | CLASS_21: 0.828 | CLASS_22: 0.886 | CLASS_23: 0.873 | CLASS_24: 0.879 | CLASS_25: 0.891 | CLASS_26: 0.644
  → New best model saved! (val_acc: 0.7761)

Per-class accuracy:
   0 (IGNORE): 0.709
   1 (NO_GESTURE): 0.732
   2 (STOP_SIGN): 0.883
   3 (PUSHING_HAND_AWAY): 0.793
   4 (SWIPE_DOWN): 0.837
   5 (SWIPE_LEFT): 0.844
   6 (SWIPE_RIGHT): 0.732
   7 (SWIPE_UP): 0.682
   8 (THUMB_DOWN): 0.763
   9 (THUMB_UP): 0.730
  10 (ZOOM_IN): 0.730
  11 (ZOOM_OUT): 0.794
  12 (CLASS_12): 0.836
  13 (CLASS_13): 0.619
  14 (CLASS_14): 0.643
  15 (CLASS_15): 0.766
  16 (CLASS_16): 0.878
  17 (CLASS_17): 0.869
  18 (CLASS_18): 0.833
  19 (CLASS_19): 0.858
  20 (CLASS_20): 0.744
  21 (CLASS_21): 0.820
  22 (CLASS_22): 0.878
  23 (CLASS_23): 0.718
  24 (CLASS_24): 0.872
  25 (CLASS_25): 0.875
  26 (CLASS_26): 0.661
[epoch  9] train_acc=0.7985 train_loss=0.7144 val_acc=0.7756 lr=5.00e-04
Per-class val accuracy (summary): IGNORE: 0.709 | NO_GESTURE: 0.732 | STOP_SIGN: 0.883 | PUSHING_HAND_AWAY: 0.793 | SWIPE_DOWN: 0.837 | SWIPE_LEFT: 0.844 | SWIPE_RIGHT: 0.732 | SWIPE_UP: 0.682 | THUMB_DOWN: 0.763 | THUMB_UP: 0.730 | ZOOM_IN: 0.730 | ZOOM_OUT: 0.794 | CLASS_12: 0.836 | CLASS_13: 0.619 | CLASS_14: 0.643 | CLASS_15: 0.766 | CLASS_16: 0.878 | CLASS_17: 0.869 | CLASS_18: 0.833 | CLASS_19: 0.858 | CLASS_20: 0.744 | CLASS_21: 0.820 | CLASS_22: 0.878 | CLASS_23: 0.718 | CLASS_24: 0.872 | CLASS_25: 0.875 | CLASS_26: 0.661

Per-class accuracy:
   0 (IGNORE): 0.749
   1 (NO_GESTURE): 0.736
   2 (STOP_SIGN): 0.867
   3 (PUSHING_HAND_AWAY): 0.784
   4 (SWIPE_DOWN): 0.825
   5 (SWIPE_LEFT): 0.840
   6 (SWIPE_RIGHT): 0.630
   7 (SWIPE_UP): 0.678
   8 (THUMB_DOWN): 0.831
   9 (THUMB_UP): 0.787
  10 (ZOOM_IN): 0.651
  11 (ZOOM_OUT): 0.738
  12 (CLASS_12): 0.713
  13 (CLASS_13): 0.749
  14 (CLASS_14): 0.663
  15 (CLASS_15): 0.797
  16 (CLASS_16): 0.847
  17 (CLASS_17): 0.850
  18 (CLASS_18): 0.856
  19 (CLASS_19): 0.843
  20 (CLASS_20): 0.748
  21 (CLASS_21): 0.832
  22 (CLASS_22): 0.861
  23 (CLASS_23): 0.834
  24 (CLASS_24): 0.856
  25 (CLASS_25): 0.871
  26 (CLASS_26): 0.641
[epoch 10] train_acc=0.8073 train_loss=0.6872 val_acc=0.7735 lr=5.00e-04
Per-class val accuracy (summary): IGNORE: 0.749 | NO_GESTURE: 0.736 | STOP_SIGN: 0.867 | PUSHING_HAND_AWAY: 0.784 | SWIPE_DOWN: 0.825 | SWIPE_LEFT: 0.840 | SWIPE_RIGHT: 0.630 | SWIPE_UP: 0.678 | THUMB_DOWN: 0.831 | THUMB_UP: 0.787 | ZOOM_IN: 0.651 | ZOOM_OUT: 0.738 | CLASS_12: 0.713 | CLASS_13: 0.749 | CLASS_14: 0.663 | CLASS_15: 0.797 | CLASS_16: 0.847 | CLASS_17: 0.850 | CLASS_18: 0.856 | CLASS_19: 0.843 | CLASS_20: 0.748 | CLASS_21: 0.832 | CLASS_22: 0.861 | CLASS_23: 0.834 | CLASS_24: 0.856 | CLASS_25: 0.871 | CLASS_26: 0.641

Per-class accuracy:
   0 (IGNORE): 0.729
   1 (NO_GESTURE): 0.732
   2 (STOP_SIGN): 0.806
   3 (PUSHING_HAND_AWAY): 0.776
   4 (SWIPE_DOWN): 0.882
   5 (SWIPE_LEFT): 0.776
   6 (SWIPE_RIGHT): 0.720
   7 (SWIPE_UP): 0.723
   8 (THUMB_DOWN): 0.795
   9 (THUMB_UP): 0.783
  10 (ZOOM_IN): 0.726
  11 (ZOOM_OUT): 0.833
  12 (CLASS_12): 0.742
  13 (CLASS_13): 0.724
  14 (CLASS_14): 0.679
  15 (CLASS_15): 0.714
  16 (CLASS_16): 0.821
  17 (CLASS_17): 0.865
  18 (CLASS_18): 0.872
  19 (CLASS_19): 0.862
  20 (CLASS_20): 0.739
  21 (CLASS_21): 0.824
  22 (CLASS_22): 0.837
  23 (CLASS_23): 0.846
  24 (CLASS_24): 0.875
  25 (CLASS_25): 0.883
  26 (CLASS_26): 0.703
[epoch 11] train_acc=0.8120 train_loss=0.6707 val_acc=0.7844 lr=5.00e-04
Per-class val accuracy (summary): IGNORE: 0.729 | NO_GESTURE: 0.732 | STOP_SIGN: 0.806 | PUSHING_HAND_AWAY: 0.776 | SWIPE_DOWN: 0.882 | SWIPE_LEFT: 0.776 | SWIPE_RIGHT: 0.720 | SWIPE_UP: 0.723 | THUMB_DOWN: 0.795 | THUMB_UP: 0.783 | ZOOM_IN: 0.726 | ZOOM_OUT: 0.833 | CLASS_12: 0.742 | CLASS_13: 0.724 | CLASS_14: 0.679 | CLASS_15: 0.714 | CLASS_16: 0.821 | CLASS_17: 0.865 | CLASS_18: 0.872 | CLASS_19: 0.862 | CLASS_20: 0.739 | CLASS_21: 0.824 | CLASS_22: 0.837 | CLASS_23: 0.846 | CLASS_24: 0.875 | CLASS_25: 0.883 | CLASS_26: 0.703
  → New best model saved! (val_acc: 0.7844)

Per-class accuracy:
   0 (IGNORE): 0.725
   1 (NO_GESTURE): 0.749
   2 (STOP_SIGN): 0.810
   3 (PUSHING_HAND_AWAY): 0.805
   4 (SWIPE_DOWN): 0.854
   5 (SWIPE_LEFT): 0.704
   6 (SWIPE_RIGHT): 0.720
   7 (SWIPE_UP): 0.702
   8 (THUMB_DOWN): 0.759
   9 (THUMB_UP): 0.816
  10 (ZOOM_IN): 0.680
  11 (ZOOM_OUT): 0.785
  12 (CLASS_12): 0.820
  13 (CLASS_13): 0.686
  14 (CLASS_14): 0.622
  15 (CLASS_15): 0.750
  16 (CLASS_16): 0.851
  17 (CLASS_17): 0.858
  18 (CLASS_18): 0.860
  19 (CLASS_19): 0.835
  20 (CLASS_20): 0.735
  21 (CLASS_21): 0.824
  22 (CLASS_22): 0.796
  23 (CLASS_23): 0.876
  24 (CLASS_24): 0.875
  25 (CLASS_25): 0.898
  26 (CLASS_26): 0.679
[epoch 12] train_acc=0.8163 train_loss=0.6536 val_acc=0.7765 lr=5.00e-04
Per-class val accuracy (summary): IGNORE: 0.725 | NO_GESTURE: 0.749 | STOP_SIGN: 0.810 | PUSHING_HAND_AWAY: 0.805 | SWIPE_DOWN: 0.854 | SWIPE_LEFT: 0.704 | SWIPE_RIGHT: 0.720 | SWIPE_UP: 0.702 | THUMB_DOWN: 0.759 | THUMB_UP: 0.816 | ZOOM_IN: 0.680 | ZOOM_OUT: 0.785 | CLASS_12: 0.820 | CLASS_13: 0.686 | CLASS_14: 0.622 | CLASS_15: 0.750 | CLASS_16: 0.851 | CLASS_17: 0.858 | CLASS_18: 0.860 | CLASS_19: 0.835 | CLASS_20: 0.735 | CLASS_21: 0.824 | CLASS_22: 0.796 | CLASS_23: 0.876 | CLASS_24: 0.875 | CLASS_25: 0.898 | CLASS_26: 0.679

Per-class accuracy:
   0 (IGNORE): 0.729
   1 (NO_GESTURE): 0.753
   2 (STOP_SIGN): 0.815
   3 (PUSHING_HAND_AWAY): 0.817
   4 (SWIPE_DOWN): 0.878
   5 (SWIPE_LEFT): 0.832
   6 (SWIPE_RIGHT): 0.695
   7 (SWIPE_UP): 0.702
   8 (THUMB_DOWN): 0.815
   9 (THUMB_UP): 0.734
  10 (ZOOM_IN): 0.751
  11 (ZOOM_OUT): 0.824
  12 (CLASS_12): 0.734
  13 (CLASS_13): 0.757
  14 (CLASS_14): 0.658
  15 (CLASS_15): 0.786
  16 (CLASS_16): 0.882
  17 (CLASS_17): 0.862
  18 (CLASS_18): 0.879
  19 (CLASS_19): 0.870
  20 (CLASS_20): 0.739
  21 (CLASS_21): 0.824
  22 (CLASS_22): 0.837
  23 (CLASS_23): 0.869
  24 (CLASS_24): 0.856
  25 (CLASS_25): 0.879
  26 (CLASS_26): 0.704
[epoch 13] train_acc=0.8223 train_loss=0.6347 val_acc=0.7918 lr=5.00e-04
Per-class val accuracy (summary): IGNORE: 0.729 | NO_GESTURE: 0.753 | STOP_SIGN: 0.815 | PUSHING_HAND_AWAY: 0.817 | SWIPE_DOWN: 0.878 | SWIPE_LEFT: 0.832 | SWIPE_RIGHT: 0.695 | SWIPE_UP: 0.702 | THUMB_DOWN: 0.815 | THUMB_UP: 0.734 | ZOOM_IN: 0.751 | ZOOM_OUT: 0.824 | CLASS_12: 0.734 | CLASS_13: 0.757 | CLASS_14: 0.658 | CLASS_15: 0.786 | CLASS_16: 0.882 | CLASS_17: 0.862 | CLASS_18: 0.879 | CLASS_19: 0.870 | CLASS_20: 0.739 | CLASS_21: 0.824 | CLASS_22: 0.837 | CLASS_23: 0.869 | CLASS_24: 0.856 | CLASS_25: 0.879 | CLASS_26: 0.704
  → New best model saved! (val_acc: 0.7918)

Per-class accuracy:
   0 (IGNORE): 0.745
   1 (NO_GESTURE): 0.745
   2 (STOP_SIGN): 0.831
   3 (PUSHING_HAND_AWAY): 0.805
   4 (SWIPE_DOWN): 0.858
   5 (SWIPE_LEFT): 0.848
   6 (SWIPE_RIGHT): 0.732
   7 (SWIPE_UP): 0.686
   8 (THUMB_DOWN): 0.827
   9 (THUMB_UP): 0.799
  10 (ZOOM_IN): 0.668
  11 (ZOOM_OUT): 0.803
  12 (CLASS_12): 0.762
  13 (CLASS_13): 0.749
  14 (CLASS_14): 0.679
  15 (CLASS_15): 0.771
  16 (CLASS_16): 0.889
  17 (CLASS_17): 0.858
  18 (CLASS_18): 0.872
  19 (CLASS_19): 0.858
  20 (CLASS_20): 0.748
  21 (CLASS_21): 0.828
  22 (CLASS_22): 0.873
  23 (CLASS_23): 0.896
  24 (CLASS_24): 0.903
  25 (CLASS_25): 0.879
  26 (CLASS_26): 0.690
[epoch 14] train_acc=0.8261 train_loss=0.6158 val_acc=0.7952 lr=5.00e-04
Per-class val accuracy (summary): IGNORE: 0.745 | NO_GESTURE: 0.745 | STOP_SIGN: 0.831 | PUSHING_HAND_AWAY: 0.805 | SWIPE_DOWN: 0.858 | SWIPE_LEFT: 0.848 | SWIPE_RIGHT: 0.732 | SWIPE_UP: 0.686 | THUMB_DOWN: 0.827 | THUMB_UP: 0.799 | ZOOM_IN: 0.668 | ZOOM_OUT: 0.803 | CLASS_12: 0.762 | CLASS_13: 0.749 | CLASS_14: 0.679 | CLASS_15: 0.771 | CLASS_16: 0.889 | CLASS_17: 0.858 | CLASS_18: 0.872 | CLASS_19: 0.858 | CLASS_20: 0.748 | CLASS_21: 0.828 | CLASS_22: 0.873 | CLASS_23: 0.896 | CLASS_24: 0.903 | CLASS_25: 0.879 | CLASS_26: 0.690
  → New best model saved! (val_acc: 0.7952)

Per-class accuracy:
   0 (IGNORE): 0.733
   1 (NO_GESTURE): 0.753
   2 (STOP_SIGN): 0.867
   3 (PUSHING_HAND_AWAY): 0.793
   4 (SWIPE_DOWN): 0.841
   5 (SWIPE_LEFT): 0.848
   6 (SWIPE_RIGHT): 0.715
   7 (SWIPE_UP): 0.698
   8 (THUMB_DOWN): 0.823
   9 (THUMB_UP): 0.799
  10 (ZOOM_IN): 0.660
  11 (ZOOM_OUT): 0.790
  12 (CLASS_12): 0.754
  13 (CLASS_13): 0.757
  14 (CLASS_14): 0.673
  15 (CLASS_15): 0.797
  16 (CLASS_16): 0.874
  17 (CLASS_17): 0.854
  18 (CLASS_18): 0.872
  19 (CLASS_19): 0.858
  20 (CLASS_20): 0.744
  21 (CLASS_21): 0.844
  22 (CLASS_22): 0.857
  23 (CLASS_23): 0.857
  24 (CLASS_24): 0.868
  25 (CLASS_25): 0.871
  26 (CLASS_26): 0.708
[epoch 15] train_acc=0.8279 train_loss=0.6106 val_acc=0.7930 lr=5.00e-04
Per-class val accuracy (summary): IGNORE: 0.733 | NO_GESTURE: 0.753 | STOP_SIGN: 0.867 | PUSHING_HAND_AWAY: 0.793 | SWIPE_DOWN: 0.841 | SWIPE_LEFT: 0.848 | SWIPE_RIGHT: 0.715 | SWIPE_UP: 0.698 | THUMB_DOWN: 0.823 | THUMB_UP: 0.799 | ZOOM_IN: 0.660 | ZOOM_OUT: 0.790 | CLASS_12: 0.754 | CLASS_13: 0.757 | CLASS_14: 0.673 | CLASS_15: 0.797 | CLASS_16: 0.874 | CLASS_17: 0.854 | CLASS_18: 0.872 | CLASS_19: 0.858 | CLASS_20: 0.744 | CLASS_21: 0.844 | CLASS_22: 0.857 | CLASS_23: 0.857 | CLASS_24: 0.868 | CLASS_25: 0.871 | CLASS_26: 0.708

Per-class accuracy:
   0 (IGNORE): 0.709
   1 (NO_GESTURE): 0.749
   2 (STOP_SIGN): 0.839
   3 (PUSHING_HAND_AWAY): 0.784
   4 (SWIPE_DOWN): 0.870
   5 (SWIPE_LEFT): 0.848
   6 (SWIPE_RIGHT): 0.736
   7 (SWIPE_UP): 0.694
   8 (THUMB_DOWN): 0.815
   9 (THUMB_UP): 0.766
  10 (ZOOM_IN): 0.714
  11 (ZOOM_OUT): 0.794
  12 (CLASS_12): 0.705
  13 (CLASS_13): 0.808
  14 (CLASS_14): 0.679
  15 (CLASS_15): 0.792
  16 (CLASS_16): 0.836
  17 (CLASS_17): 0.881
  18 (CLASS_18): 0.860
  19 (CLASS_19): 0.858
  20 (CLASS_20): 0.744
  21 (CLASS_21): 0.824
  22 (CLASS_22): 0.861
  23 (CLASS_23): 0.849
  24 (CLASS_24): 0.895
  25 (CLASS_25): 0.895
  26 (CLASS_26): 0.655
[epoch 16] train_acc=0.8339 train_loss=0.5934 val_acc=0.7876 lr=5.00e-04
Per-class val accuracy (summary): IGNORE: 0.709 | NO_GESTURE: 0.749 | STOP_SIGN: 0.839 | PUSHING_HAND_AWAY: 0.784 | SWIPE_DOWN: 0.870 | SWIPE_LEFT: 0.848 | SWIPE_RIGHT: 0.736 | SWIPE_UP: 0.694 | THUMB_DOWN: 0.815 | THUMB_UP: 0.766 | ZOOM_IN: 0.714 | ZOOM_OUT: 0.794 | CLASS_12: 0.705 | CLASS_13: 0.808 | CLASS_14: 0.679 | CLASS_15: 0.792 | CLASS_16: 0.836 | CLASS_17: 0.881 | CLASS_18: 0.860 | CLASS_19: 0.858 | CLASS_20: 0.744 | CLASS_21: 0.824 | CLASS_22: 0.861 | CLASS_23: 0.849 | CLASS_24: 0.895 | CLASS_25: 0.895 | CLASS_26: 0.655

Per-class accuracy:
   0 (IGNORE): 0.749
   1 (NO_GESTURE): 0.740
   2 (STOP_SIGN): 0.863
   3 (PUSHING_HAND_AWAY): 0.817
   4 (SWIPE_DOWN): 0.870
   5 (SWIPE_LEFT): 0.836
   6 (SWIPE_RIGHT): 0.720
   7 (SWIPE_UP): 0.702
   8 (THUMB_DOWN): 0.831
   9 (THUMB_UP): 0.758
  10 (ZOOM_IN): 0.710
  11 (ZOOM_OUT): 0.781
  12 (CLASS_12): 0.783
  13 (CLASS_13): 0.728
  14 (CLASS_14): 0.724
  15 (CLASS_15): 0.745
  16 (CLASS_16): 0.866
  17 (CLASS_17): 0.869
  18 (CLASS_18): 0.852
  19 (CLASS_19): 0.862
  20 (CLASS_20): 0.756
  21 (CLASS_21): 0.840
  22 (CLASS_22): 0.861
  23 (CLASS_23): 0.861
  24 (CLASS_24): 0.883
  25 (CLASS_25): 0.879
  26 (CLASS_26): 0.672
[epoch 17] train_acc=0.8358 train_loss=0.5852 val_acc=0.7924 lr=5.00e-04
Per-class val accuracy (summary): IGNORE: 0.749 | NO_GESTURE: 0.740 | STOP_SIGN: 0.863 | PUSHING_HAND_AWAY: 0.817 | SWIPE_DOWN: 0.870 | SWIPE_LEFT: 0.836 | SWIPE_RIGHT: 0.720 | SWIPE_UP: 0.702 | THUMB_DOWN: 0.831 | THUMB_UP: 0.758 | ZOOM_IN: 0.710 | ZOOM_OUT: 0.781 | CLASS_12: 0.783 | CLASS_13: 0.728 | CLASS_14: 0.724 | CLASS_15: 0.745 | CLASS_16: 0.866 | CLASS_17: 0.869 | CLASS_18: 0.852 | CLASS_19: 0.862 | CLASS_20: 0.756 | CLASS_21: 0.840 | CLASS_22: 0.861 | CLASS_23: 0.861 | CLASS_24: 0.883 | CLASS_25: 0.879 | CLASS_26: 0.672

Per-class accuracy:
   0 (IGNORE): 0.745
   1 (NO_GESTURE): 0.732
   2 (STOP_SIGN): 0.835
   3 (PUSHING_HAND_AWAY): 0.809
   4 (SWIPE_DOWN): 0.882
   5 (SWIPE_LEFT): 0.816
   6 (SWIPE_RIGHT): 0.728
   7 (SWIPE_UP): 0.690
   8 (THUMB_DOWN): 0.739
   9 (THUMB_UP): 0.791
  10 (ZOOM_IN): 0.768
  11 (ZOOM_OUT): 0.811
  12 (CLASS_12): 0.791
  13 (CLASS_13): 0.724
  14 (CLASS_14): 0.668
  15 (CLASS_15): 0.792
  16 (CLASS_16): 0.840
  17 (CLASS_17): 0.877
  18 (CLASS_18): 0.848
  19 (CLASS_19): 0.874
  20 (CLASS_20): 0.748
  21 (CLASS_21): 0.832
  22 (CLASS_22): 0.857
  23 (CLASS_23): 0.903
  24 (CLASS_24): 0.879
  25 (CLASS_25): 0.879
  26 (CLASS_26): 0.691
[epoch 18] train_acc=0.8402 train_loss=0.5698 val_acc=0.7932 lr=5.00e-04
Per-class val accuracy (summary): IGNORE: 0.745 | NO_GESTURE: 0.732 | STOP_SIGN: 0.835 | PUSHING_HAND_AWAY: 0.809 | SWIPE_DOWN: 0.882 | SWIPE_LEFT: 0.816 | SWIPE_RIGHT: 0.728 | SWIPE_UP: 0.690 | THUMB_DOWN: 0.739 | THUMB_UP: 0.791 | ZOOM_IN: 0.768 | ZOOM_OUT: 0.811 | CLASS_12: 0.791 | CLASS_13: 0.724 | CLASS_14: 0.668 | CLASS_15: 0.792 | CLASS_16: 0.840 | CLASS_17: 0.877 | CLASS_18: 0.848 | CLASS_19: 0.874 | CLASS_20: 0.748 | CLASS_21: 0.832 | CLASS_22: 0.857 | CLASS_23: 0.903 | CLASS_24: 0.879 | CLASS_25: 0.879 | CLASS_26: 0.691

Per-class accuracy:
   0 (IGNORE): 0.753
   1 (NO_GESTURE): 0.762
   2 (STOP_SIGN): 0.859
   3 (PUSHING_HAND_AWAY): 0.793
   4 (SWIPE_DOWN): 0.829
   5 (SWIPE_LEFT): 0.852
   6 (SWIPE_RIGHT): 0.695
   7 (SWIPE_UP): 0.711
   8 (THUMB_DOWN): 0.807
   9 (THUMB_UP): 0.775
  10 (ZOOM_IN): 0.726
  11 (ZOOM_OUT): 0.837
  12 (CLASS_12): 0.762
  13 (CLASS_13): 0.778
  14 (CLASS_14): 0.658
  15 (CLASS_15): 0.786
  16 (CLASS_16): 0.878
  17 (CLASS_17): 0.858
  18 (CLASS_18): 0.872
  19 (CLASS_19): 0.851
  20 (CLASS_20): 0.752
  21 (CLASS_21): 0.820
  22 (CLASS_22): 0.882
  23 (CLASS_23): 0.865
  24 (CLASS_24): 0.899
  25 (CLASS_25): 0.891
  26 (CLASS_26): 0.659
[epoch 19] train_acc=0.8446 train_loss=0.5606 val_acc=0.7932 lr=5.00e-04
Per-class val accuracy (summary): IGNORE: 0.753 | NO_GESTURE: 0.762 | STOP_SIGN: 0.859 | PUSHING_HAND_AWAY: 0.793 | SWIPE_DOWN: 0.829 | SWIPE_LEFT: 0.852 | SWIPE_RIGHT: 0.695 | SWIPE_UP: 0.711 | THUMB_DOWN: 0.807 | THUMB_UP: 0.775 | ZOOM_IN: 0.726 | ZOOM_OUT: 0.837 | CLASS_12: 0.762 | CLASS_13: 0.778 | CLASS_14: 0.658 | CLASS_15: 0.786 | CLASS_16: 0.878 | CLASS_17: 0.858 | CLASS_18: 0.872 | CLASS_19: 0.851 | CLASS_20: 0.752 | CLASS_21: 0.820 | CLASS_22: 0.882 | CLASS_23: 0.865 | CLASS_24: 0.899 | CLASS_25: 0.891 | CLASS_26: 0.659

Per-class accuracy:
   0 (IGNORE): 0.725
   1 (NO_GESTURE): 0.771
   2 (STOP_SIGN): 0.859
   3 (PUSHING_HAND_AWAY): 0.809
   4 (SWIPE_DOWN): 0.870
   5 (SWIPE_LEFT): 0.824
   6 (SWIPE_RIGHT): 0.715
   7 (SWIPE_UP): 0.715
   8 (THUMB_DOWN): 0.843
   9 (THUMB_UP): 0.754
  10 (ZOOM_IN): 0.743
  11 (ZOOM_OUT): 0.820
  12 (CLASS_12): 0.664
  13 (CLASS_13): 0.808
  14 (CLASS_14): 0.709
  15 (CLASS_15): 0.734
  16 (CLASS_16): 0.882
  17 (CLASS_17): 0.877
  18 (CLASS_18): 0.868
  19 (CLASS_19): 0.854
  20 (CLASS_20): 0.752
  21 (CLASS_21): 0.840
  22 (CLASS_22): 0.857
  23 (CLASS_23): 0.865
  24 (CLASS_24): 0.879
  25 (CLASS_25): 0.902
  26 (CLASS_26): 0.675
  -> Learning rate reduced from 5.00e-04 to 2.50e-04
[epoch 20] train_acc=0.8466 train_loss=0.5495 val_acc=0.7945 lr=2.50e-04
Per-class val accuracy (summary): IGNORE: 0.725 | NO_GESTURE: 0.771 | STOP_SIGN: 0.859 | PUSHING_HAND_AWAY: 0.809 | SWIPE_DOWN: 0.870 | SWIPE_LEFT: 0.824 | SWIPE_RIGHT: 0.715 | SWIPE_UP: 0.715 | THUMB_DOWN: 0.843 | THUMB_UP: 0.754 | ZOOM_IN: 0.743 | ZOOM_OUT: 0.820 | CLASS_12: 0.664 | CLASS_13: 0.808 | CLASS_14: 0.709 | CLASS_15: 0.734 | CLASS_16: 0.882 | CLASS_17: 0.877 | CLASS_18: 0.868 | CLASS_19: 0.854 | CLASS_20: 0.752 | CLASS_21: 0.840 | CLASS_22: 0.857 | CLASS_23: 0.865 | CLASS_24: 0.879 | CLASS_25: 0.902 | CLASS_26: 0.675

Per-class accuracy:
   0 (IGNORE): 0.753
   1 (NO_GESTURE): 0.749
   2 (STOP_SIGN): 0.867
   3 (PUSHING_HAND_AWAY): 0.817
   4 (SWIPE_DOWN): 0.874
   5 (SWIPE_LEFT): 0.856
   6 (SWIPE_RIGHT): 0.711
   7 (SWIPE_UP): 0.707
   8 (THUMB_DOWN): 0.811
   9 (THUMB_UP): 0.783
  10 (ZOOM_IN): 0.722
  11 (ZOOM_OUT): 0.794
  12 (CLASS_12): 0.779
  13 (CLASS_13): 0.762
  14 (CLASS_14): 0.724
  15 (CLASS_15): 0.766
  16 (CLASS_16): 0.878
  17 (CLASS_17): 0.869
  18 (CLASS_18): 0.868
  19 (CLASS_19): 0.862
  20 (CLASS_20): 0.752
  21 (CLASS_21): 0.832
  22 (CLASS_22): 0.882
  23 (CLASS_23): 0.861
  24 (CLASS_24): 0.887
  25 (CLASS_25): 0.891
  26 (CLASS_26): 0.673
[epoch 21] train_acc=0.8582 train_loss=0.5082 val_acc=0.7982 lr=2.50e-04
Per-class val accuracy (summary): IGNORE: 0.753 | NO_GESTURE: 0.749 | STOP_SIGN: 0.867 | PUSHING_HAND_AWAY: 0.817 | SWIPE_DOWN: 0.874 | SWIPE_LEFT: 0.856 | SWIPE_RIGHT: 0.711 | SWIPE_UP: 0.707 | THUMB_DOWN: 0.811 | THUMB_UP: 0.783 | ZOOM_IN: 0.722 | ZOOM_OUT: 0.794 | CLASS_12: 0.779 | CLASS_13: 0.762 | CLASS_14: 0.724 | CLASS_15: 0.766 | CLASS_16: 0.878 | CLASS_17: 0.869 | CLASS_18: 0.868 | CLASS_19: 0.862 | CLASS_20: 0.752 | CLASS_21: 0.832 | CLASS_22: 0.882 | CLASS_23: 0.861 | CLASS_24: 0.887 | CLASS_25: 0.891 | CLASS_26: 0.673
  → New best model saved! (val_acc: 0.7982)

Per-class accuracy:
   0 (IGNORE): 0.753
   1 (NO_GESTURE): 0.749
   2 (STOP_SIGN): 0.855
   3 (PUSHING_HAND_AWAY): 0.776
   4 (SWIPE_DOWN): 0.890
   5 (SWIPE_LEFT): 0.860
   6 (SWIPE_RIGHT): 0.728
   7 (SWIPE_UP): 0.707
   8 (THUMB_DOWN): 0.819
   9 (THUMB_UP): 0.795
  10 (ZOOM_IN): 0.705
  11 (ZOOM_OUT): 0.798
  12 (CLASS_12): 0.783
  13 (CLASS_13): 0.766
  14 (CLASS_14): 0.724
  15 (CLASS_15): 0.776
  16 (CLASS_16): 0.878
  17 (CLASS_17): 0.885
  18 (CLASS_18): 0.860
  19 (CLASS_19): 0.858
  20 (CLASS_20): 0.744
  21 (CLASS_21): 0.824
  22 (CLASS_22): 0.869
  23 (CLASS_23): 0.861
  24 (CLASS_24): 0.895
  25 (CLASS_25): 0.906
  26 (CLASS_26): 0.659
[epoch 22] train_acc=0.8629 train_loss=0.4902 val_acc=0.7971 lr=2.50e-04
Per-class val accuracy (summary): IGNORE: 0.753 | NO_GESTURE: 0.749 | STOP_SIGN: 0.855 | PUSHING_HAND_AWAY: 0.776 | SWIPE_DOWN: 0.890 | SWIPE_LEFT: 0.860 | SWIPE_RIGHT: 0.728 | SWIPE_UP: 0.707 | THUMB_DOWN: 0.819 | THUMB_UP: 0.795 | ZOOM_IN: 0.705 | ZOOM_OUT: 0.798 | CLASS_12: 0.783 | CLASS_13: 0.766 | CLASS_14: 0.724 | CLASS_15: 0.776 | CLASS_16: 0.878 | CLASS_17: 0.885 | CLASS_18: 0.860 | CLASS_19: 0.858 | CLASS_20: 0.744 | CLASS_21: 0.824 | CLASS_22: 0.869 | CLASS_23: 0.861 | CLASS_24: 0.895 | CLASS_25: 0.906 | CLASS_26: 0.659

Per-class accuracy:
   0 (IGNORE): 0.741
   1 (NO_GESTURE): 0.749
   2 (STOP_SIGN): 0.867
   3 (PUSHING_HAND_AWAY): 0.822
   4 (SWIPE_DOWN): 0.870
   5 (SWIPE_LEFT): 0.836
   6 (SWIPE_RIGHT): 0.720
   7 (SWIPE_UP): 0.723
   8 (THUMB_DOWN): 0.835
   9 (THUMB_UP): 0.783
  10 (ZOOM_IN): 0.730
  11 (ZOOM_OUT): 0.807
  12 (CLASS_12): 0.717
  13 (CLASS_13): 0.816
  14 (CLASS_14): 0.699
  15 (CLASS_15): 0.771
  16 (CLASS_16): 0.870
  17 (CLASS_17): 0.873
  18 (CLASS_18): 0.860
  19 (CLASS_19): 0.866
  20 (CLASS_20): 0.735
  21 (CLASS_21): 0.828
  22 (CLASS_22): 0.869
  23 (CLASS_23): 0.869
  24 (CLASS_24): 0.891
  25 (CLASS_25): 0.906
  26 (CLASS_26): 0.676
[epoch 23] train_acc=0.8657 train_loss=0.4833 val_acc=0.7985 lr=2.50e-04
Per-class val accuracy (summary): IGNORE: 0.741 | NO_GESTURE: 0.749 | STOP_SIGN: 0.867 | PUSHING_HAND_AWAY: 0.822 | SWIPE_DOWN: 0.870 | SWIPE_LEFT: 0.836 | SWIPE_RIGHT: 0.720 | SWIPE_UP: 0.723 | THUMB_DOWN: 0.835 | THUMB_UP: 0.783 | ZOOM_IN: 0.730 | ZOOM_OUT: 0.807 | CLASS_12: 0.717 | CLASS_13: 0.816 | CLASS_14: 0.699 | CLASS_15: 0.771 | CLASS_16: 0.870 | CLASS_17: 0.873 | CLASS_18: 0.860 | CLASS_19: 0.866 | CLASS_20: 0.735 | CLASS_21: 0.828 | CLASS_22: 0.869 | CLASS_23: 0.869 | CLASS_24: 0.891 | CLASS_25: 0.906 | CLASS_26: 0.676
  → New best model saved! (val_acc: 0.7985)

Per-class accuracy:
   0 (IGNORE): 0.741
   1 (NO_GESTURE): 0.727
   2 (STOP_SIGN): 0.871
   3 (PUSHING_HAND_AWAY): 0.797
   4 (SWIPE_DOWN): 0.833
   5 (SWIPE_LEFT): 0.860
   6 (SWIPE_RIGHT): 0.703
   7 (SWIPE_UP): 0.723
   8 (THUMB_DOWN): 0.827
   9 (THUMB_UP): 0.811
  10 (ZOOM_IN): 0.714
  11 (ZOOM_OUT): 0.794
  12 (CLASS_12): 0.758
  13 (CLASS_13): 0.782
  14 (CLASS_14): 0.704
  15 (CLASS_15): 0.771
  16 (CLASS_16): 0.882
  17 (CLASS_17): 0.865
  18 (CLASS_18): 0.868
  19 (CLASS_19): 0.862
  20 (CLASS_20): 0.748
  21 (CLASS_21): 0.828
  22 (CLASS_22): 0.873
  23 (CLASS_23): 0.884
  24 (CLASS_24): 0.891
  25 (CLASS_25): 0.910
  26 (CLASS_26): 0.690
[epoch 24] train_acc=0.8674 train_loss=0.4757 val_acc=0.7992 lr=2.50e-04
Per-class val accuracy (summary): IGNORE: 0.741 | NO_GESTURE: 0.727 | STOP_SIGN: 0.871 | PUSHING_HAND_AWAY: 0.797 | SWIPE_DOWN: 0.833 | SWIPE_LEFT: 0.860 | SWIPE_RIGHT: 0.703 | SWIPE_UP: 0.723 | THUMB_DOWN: 0.827 | THUMB_UP: 0.811 | ZOOM_IN: 0.714 | ZOOM_OUT: 0.794 | CLASS_12: 0.758 | CLASS_13: 0.782 | CLASS_14: 0.704 | CLASS_15: 0.771 | CLASS_16: 0.882 | CLASS_17: 0.865 | CLASS_18: 0.868 | CLASS_19: 0.862 | CLASS_20: 0.748 | CLASS_21: 0.828 | CLASS_22: 0.873 | CLASS_23: 0.884 | CLASS_24: 0.891 | CLASS_25: 0.910 | CLASS_26: 0.690
  → New best model saved! (val_acc: 0.7992)

Per-class accuracy:
   0 (IGNORE): 0.745
   1 (NO_GESTURE): 0.749
   2 (STOP_SIGN): 0.859
   3 (PUSHING_HAND_AWAY): 0.809
   4 (SWIPE_DOWN): 0.898
   5 (SWIPE_LEFT): 0.840
   6 (SWIPE_RIGHT): 0.679
   7 (SWIPE_UP): 0.715
   8 (THUMB_DOWN): 0.823
   9 (THUMB_UP): 0.799
  10 (ZOOM_IN): 0.726
  11 (ZOOM_OUT): 0.803
  12 (CLASS_12): 0.766
  13 (CLASS_13): 0.778
  14 (CLASS_14): 0.709
  15 (CLASS_15): 0.802
  16 (CLASS_16): 0.863
  17 (CLASS_17): 0.873
  18 (CLASS_18): 0.868
  19 (CLASS_19): 0.870
  20 (CLASS_20): 0.752
  21 (CLASS_21): 0.820
  22 (CLASS_22): 0.853
  23 (CLASS_23): 0.884
  24 (CLASS_24): 0.903
  25 (CLASS_25): 0.891
  26 (CLASS_26): 0.652
[epoch 25] train_acc=0.8696 train_loss=0.4702 val_acc=0.7967 lr=2.50e-04
Per-class val accuracy (summary): IGNORE: 0.745 | NO_GESTURE: 0.749 | STOP_SIGN: 0.859 | PUSHING_HAND_AWAY: 0.809 | SWIPE_DOWN: 0.898 | SWIPE_LEFT: 0.840 | SWIPE_RIGHT: 0.679 | SWIPE_UP: 0.715 | THUMB_DOWN: 0.823 | THUMB_UP: 0.799 | ZOOM_IN: 0.726 | ZOOM_OUT: 0.803 | CLASS_12: 0.766 | CLASS_13: 0.778 | CLASS_14: 0.709 | CLASS_15: 0.802 | CLASS_16: 0.863 | CLASS_17: 0.873 | CLASS_18: 0.868 | CLASS_19: 0.870 | CLASS_20: 0.752 | CLASS_21: 0.820 | CLASS_22: 0.853 | CLASS_23: 0.884 | CLASS_24: 0.903 | CLASS_25: 0.891 | CLASS_26: 0.652

Per-class accuracy:
   0 (IGNORE): 0.741
   1 (NO_GESTURE): 0.745
   2 (STOP_SIGN): 0.859
   3 (PUSHING_HAND_AWAY): 0.817
   4 (SWIPE_DOWN): 0.882
   5 (SWIPE_LEFT): 0.816
   6 (SWIPE_RIGHT): 0.720
   7 (SWIPE_UP): 0.719
   8 (THUMB_DOWN): 0.827
   9 (THUMB_UP): 0.803
  10 (ZOOM_IN): 0.730
  11 (ZOOM_OUT): 0.798
  12 (CLASS_12): 0.750
  13 (CLASS_13): 0.787
  14 (CLASS_14): 0.694
  15 (CLASS_15): 0.755
  16 (CLASS_16): 0.878
  17 (CLASS_17): 0.865
  18 (CLASS_18): 0.872
  19 (CLASS_19): 0.866
  20 (CLASS_20): 0.739
  21 (CLASS_21): 0.828
  22 (CLASS_22): 0.878
  23 (CLASS_23): 0.861
  24 (CLASS_24): 0.899
  25 (CLASS_25): 0.902
  26 (CLASS_26): 0.659
[epoch 26] train_acc=0.8715 train_loss=0.4638 val_acc=0.7962 lr=2.50e-04
Per-class val accuracy (summary): IGNORE: 0.741 | NO_GESTURE: 0.745 | STOP_SIGN: 0.859 | PUSHING_HAND_AWAY: 0.817 | SWIPE_DOWN: 0.882 | SWIPE_LEFT: 0.816 | SWIPE_RIGHT: 0.720 | SWIPE_UP: 0.719 | THUMB_DOWN: 0.827 | THUMB_UP: 0.803 | ZOOM_IN: 0.730 | ZOOM_OUT: 0.798 | CLASS_12: 0.750 | CLASS_13: 0.787 | CLASS_14: 0.694 | CLASS_15: 0.755 | CLASS_16: 0.878 | CLASS_17: 0.865 | CLASS_18: 0.872 | CLASS_19: 0.866 | CLASS_20: 0.739 | CLASS_21: 0.828 | CLASS_22: 0.878 | CLASS_23: 0.861 | CLASS_24: 0.899 | CLASS_25: 0.902 | CLASS_26: 0.659

Per-class accuracy:
   0 (IGNORE): 0.733
   1 (NO_GESTURE): 0.771
   2 (STOP_SIGN): 0.843
   3 (PUSHING_HAND_AWAY): 0.863
   4 (SWIPE_DOWN): 0.874
   5 (SWIPE_LEFT): 0.832
   6 (SWIPE_RIGHT): 0.699
   7 (SWIPE_UP): 0.702
   8 (THUMB_DOWN): 0.787
   9 (THUMB_UP): 0.832
  10 (ZOOM_IN): 0.722
  11 (ZOOM_OUT): 0.790
  12 (CLASS_12): 0.783
  13 (CLASS_13): 0.749
  14 (CLASS_14): 0.709
  15 (CLASS_15): 0.755
  16 (CLASS_16): 0.863
  17 (CLASS_17): 0.873
  18 (CLASS_18): 0.868
  19 (CLASS_19): 0.858
  20 (CLASS_20): 0.752
  21 (CLASS_21): 0.820
  22 (CLASS_22): 0.857
  23 (CLASS_23): 0.884
  24 (CLASS_24): 0.887
  25 (CLASS_25): 0.895
  26 (CLASS_26): 0.675
[epoch 27] train_acc=0.8739 train_loss=0.4571 val_acc=0.7965 lr=2.50e-04
Per-class val accuracy (summary): IGNORE: 0.733 | NO_GESTURE: 0.771 | STOP_SIGN: 0.843 | PUSHING_HAND_AWAY: 0.863 | SWIPE_DOWN: 0.874 | SWIPE_LEFT: 0.832 | SWIPE_RIGHT: 0.699 | SWIPE_UP: 0.702 | THUMB_DOWN: 0.787 | THUMB_UP: 0.832 | ZOOM_IN: 0.722 | ZOOM_OUT: 0.790 | CLASS_12: 0.783 | CLASS_13: 0.749 | CLASS_14: 0.709 | CLASS_15: 0.755 | CLASS_16: 0.863 | CLASS_17: 0.873 | CLASS_18: 0.868 | CLASS_19: 0.858 | CLASS_20: 0.752 | CLASS_21: 0.820 | CLASS_22: 0.857 | CLASS_23: 0.884 | CLASS_24: 0.887 | CLASS_25: 0.895 | CLASS_26: 0.675

Per-class accuracy:
   0 (IGNORE): 0.733
   1 (NO_GESTURE): 0.740
   2 (STOP_SIGN): 0.823
   3 (PUSHING_HAND_AWAY): 0.793
   4 (SWIPE_DOWN): 0.882
   5 (SWIPE_LEFT): 0.840
   6 (SWIPE_RIGHT): 0.720
   7 (SWIPE_UP): 0.707
   8 (THUMB_DOWN): 0.827
   9 (THUMB_UP): 0.758
  10 (ZOOM_IN): 0.751
  11 (ZOOM_OUT): 0.811
  12 (CLASS_12): 0.770
  13 (CLASS_13): 0.736
  14 (CLASS_14): 0.689
  15 (CLASS_15): 0.781
  16 (CLASS_16): 0.893
  17 (CLASS_17): 0.877
  18 (CLASS_18): 0.872
  19 (CLASS_19): 0.854
  20 (CLASS_20): 0.752
  21 (CLASS_21): 0.824
  22 (CLASS_22): 0.853
  23 (CLASS_23): 0.865
  24 (CLASS_24): 0.907
  25 (CLASS_25): 0.898
  26 (CLASS_26): 0.673
[epoch 28] train_acc=0.8749 train_loss=0.4523 val_acc=0.7949 lr=2.50e-04
Per-class val accuracy (summary): IGNORE: 0.733 | NO_GESTURE: 0.740 | STOP_SIGN: 0.823 | PUSHING_HAND_AWAY: 0.793 | SWIPE_DOWN: 0.882 | SWIPE_LEFT: 0.840 | SWIPE_RIGHT: 0.720 | SWIPE_UP: 0.707 | THUMB_DOWN: 0.827 | THUMB_UP: 0.758 | ZOOM_IN: 0.751 | ZOOM_OUT: 0.811 | CLASS_12: 0.770 | CLASS_13: 0.736 | CLASS_14: 0.689 | CLASS_15: 0.781 | CLASS_16: 0.893 | CLASS_17: 0.877 | CLASS_18: 0.872 | CLASS_19: 0.854 | CLASS_20: 0.752 | CLASS_21: 0.824 | CLASS_22: 0.853 | CLASS_23: 0.865 | CLASS_24: 0.907 | CLASS_25: 0.898 | CLASS_26: 0.673

Per-class accuracy:
   0 (IGNORE): 0.721
   1 (NO_GESTURE): 0.779
   2 (STOP_SIGN): 0.847
   3 (PUSHING_HAND_AWAY): 0.793
   4 (SWIPE_DOWN): 0.862
   5 (SWIPE_LEFT): 0.848
   6 (SWIPE_RIGHT): 0.728
   7 (SWIPE_UP): 0.690
   8 (THUMB_DOWN): 0.811
   9 (THUMB_UP): 0.828
  10 (ZOOM_IN): 0.689
  11 (ZOOM_OUT): 0.815
  12 (CLASS_12): 0.762
  13 (CLASS_13): 0.762
  14 (CLASS_14): 0.719
  15 (CLASS_15): 0.755
  16 (CLASS_16): 0.878
  17 (CLASS_17): 0.873
  18 (CLASS_18): 0.868
  19 (CLASS_19): 0.866
  20 (CLASS_20): 0.744
  21 (CLASS_21): 0.836
  22 (CLASS_22): 0.869
  23 (CLASS_23): 0.884
  24 (CLASS_24): 0.899
  25 (CLASS_25): 0.906
  26 (CLASS_26): 0.656
[epoch 29] train_acc=0.8756 train_loss=0.4492 val_acc=0.7958 lr=2.50e-04
Per-class val accuracy (summary): IGNORE: 0.721 | NO_GESTURE: 0.779 | STOP_SIGN: 0.847 | PUSHING_HAND_AWAY: 0.793 | SWIPE_DOWN: 0.862 | SWIPE_LEFT: 0.848 | SWIPE_RIGHT: 0.728 | SWIPE_UP: 0.690 | THUMB_DOWN: 0.811 | THUMB_UP: 0.828 | ZOOM_IN: 0.689 | ZOOM_OUT: 0.815 | CLASS_12: 0.762 | CLASS_13: 0.762 | CLASS_14: 0.719 | CLASS_15: 0.755 | CLASS_16: 0.878 | CLASS_17: 0.873 | CLASS_18: 0.868 | CLASS_19: 0.866 | CLASS_20: 0.744 | CLASS_21: 0.836 | CLASS_22: 0.869 | CLASS_23: 0.884 | CLASS_24: 0.899 | CLASS_25: 0.906 | CLASS_26: 0.656

Per-class accuracy:
   0 (IGNORE): 0.725
   1 (NO_GESTURE): 0.749
   2 (STOP_SIGN): 0.827
   3 (PUSHING_HAND_AWAY): 0.830
   4 (SWIPE_DOWN): 0.866
   5 (SWIPE_LEFT): 0.840
   6 (SWIPE_RIGHT): 0.728
   7 (SWIPE_UP): 0.698
   8 (THUMB_DOWN): 0.827
   9 (THUMB_UP): 0.803
  10 (ZOOM_IN): 0.714
  11 (ZOOM_OUT): 0.794
  12 (CLASS_12): 0.770
  13 (CLASS_13): 0.749
  14 (CLASS_14): 0.689
  15 (CLASS_15): 0.776
  16 (CLASS_16): 0.893
  17 (CLASS_17): 0.877
  18 (CLASS_18): 0.868
  19 (CLASS_19): 0.851
  20 (CLASS_20): 0.727
  21 (CLASS_21): 0.824
  22 (CLASS_22): 0.878
  23 (CLASS_23): 0.888
  24 (CLASS_24): 0.907
  25 (CLASS_25): 0.887
  26 (CLASS_26): 0.672
  -> Learning rate reduced from 2.50e-04 to 1.25e-04
[epoch 30] train_acc=0.8765 train_loss=0.4427 val_acc=0.7958 lr=1.25e-04
Per-class val accuracy (summary): IGNORE: 0.725 | NO_GESTURE: 0.749 | STOP_SIGN: 0.827 | PUSHING_HAND_AWAY: 0.830 | SWIPE_DOWN: 0.866 | SWIPE_LEFT: 0.840 | SWIPE_RIGHT: 0.728 | SWIPE_UP: 0.698 | THUMB_DOWN: 0.827 | THUMB_UP: 0.803 | ZOOM_IN: 0.714 | ZOOM_OUT: 0.794 | CLASS_12: 0.770 | CLASS_13: 0.749 | CLASS_14: 0.689 | CLASS_15: 0.776 | CLASS_16: 0.893 | CLASS_17: 0.877 | CLASS_18: 0.868 | CLASS_19: 0.851 | CLASS_20: 0.727 | CLASS_21: 0.824 | CLASS_22: 0.878 | CLASS_23: 0.888 | CLASS_24: 0.907 | CLASS_25: 0.887 | CLASS_26: 0.672

Per-class accuracy:
   0 (IGNORE): 0.741
   1 (NO_GESTURE): 0.753
   2 (STOP_SIGN): 0.847
   3 (PUSHING_HAND_AWAY): 0.813
   4 (SWIPE_DOWN): 0.866
   5 (SWIPE_LEFT): 0.824
   6 (SWIPE_RIGHT): 0.728
   7 (SWIPE_UP): 0.694
   8 (THUMB_DOWN): 0.811
   9 (THUMB_UP): 0.803
  10 (ZOOM_IN): 0.747
  11 (ZOOM_OUT): 0.807
  12 (CLASS_12): 0.750
  13 (CLASS_13): 0.787
  14 (CLASS_14): 0.714
  15 (CLASS_15): 0.776
  16 (CLASS_16): 0.889
  17 (CLASS_17): 0.865
  18 (CLASS_18): 0.868
  19 (CLASS_19): 0.862
  20 (CLASS_20): 0.756
  21 (CLASS_21): 0.828
  22 (CLASS_22): 0.873
  23 (CLASS_23): 0.880
  24 (CLASS_24): 0.891
  25 (CLASS_25): 0.898
  26 (CLASS_26): 0.648
[epoch 31] train_acc=0.8835 train_loss=0.4208 val_acc=0.7962 lr=1.25e-04
Per-class val accuracy (summary): IGNORE: 0.741 | NO_GESTURE: 0.753 | STOP_SIGN: 0.847 | PUSHING_HAND_AWAY: 0.813 | SWIPE_DOWN: 0.866 | SWIPE_LEFT: 0.824 | SWIPE_RIGHT: 0.728 | SWIPE_UP: 0.694 | THUMB_DOWN: 0.811 | THUMB_UP: 0.803 | ZOOM_IN: 0.747 | ZOOM_OUT: 0.807 | CLASS_12: 0.750 | CLASS_13: 0.787 | CLASS_14: 0.714 | CLASS_15: 0.776 | CLASS_16: 0.889 | CLASS_17: 0.865 | CLASS_18: 0.868 | CLASS_19: 0.862 | CLASS_20: 0.756 | CLASS_21: 0.828 | CLASS_22: 0.873 | CLASS_23: 0.880 | CLASS_24: 0.891 | CLASS_25: 0.898 | CLASS_26: 0.648

Per-class accuracy:
   0 (IGNORE): 0.757
   1 (NO_GESTURE): 0.762
   2 (STOP_SIGN): 0.847
   3 (PUSHING_HAND_AWAY): 0.817
   4 (SWIPE_DOWN): 0.866
   5 (SWIPE_LEFT): 0.824
   6 (SWIPE_RIGHT): 0.724
   7 (SWIPE_UP): 0.719
   8 (THUMB_DOWN): 0.819
   9 (THUMB_UP): 0.824
  10 (ZOOM_IN): 0.714
  11 (ZOOM_OUT): 0.798
  12 (CLASS_12): 0.783
  13 (CLASS_13): 0.741
  14 (CLASS_14): 0.719
  15 (CLASS_15): 0.750
  16 (CLASS_16): 0.866
  17 (CLASS_17): 0.869
  18 (CLASS_18): 0.868
  19 (CLASS_19): 0.854
  20 (CLASS_20): 0.752
  21 (CLASS_21): 0.824
  22 (CLASS_22): 0.869
  23 (CLASS_23): 0.888
  24 (CLASS_24): 0.899
  25 (CLASS_25): 0.906
  26 (CLASS_26): 0.647
[epoch 32] train_acc=0.8863 train_loss=0.4154 val_acc=0.7958 lr=1.25e-04
Per-class val accuracy (summary): IGNORE: 0.757 | NO_GESTURE: 0.762 | STOP_SIGN: 0.847 | PUSHING_HAND_AWAY: 0.817 | SWIPE_DOWN: 0.866 | SWIPE_LEFT: 0.824 | SWIPE_RIGHT: 0.724 | SWIPE_UP: 0.719 | THUMB_DOWN: 0.819 | THUMB_UP: 0.824 | ZOOM_IN: 0.714 | ZOOM_OUT: 0.798 | CLASS_12: 0.783 | CLASS_13: 0.741 | CLASS_14: 0.719 | CLASS_15: 0.750 | CLASS_16: 0.866 | CLASS_17: 0.869 | CLASS_18: 0.868 | CLASS_19: 0.854 | CLASS_20: 0.752 | CLASS_21: 0.824 | CLASS_22: 0.869 | CLASS_23: 0.888 | CLASS_24: 0.899 | CLASS_25: 0.906 | CLASS_26: 0.647

Per-class accuracy:
   0 (IGNORE): 0.737
   1 (NO_GESTURE): 0.740
   2 (STOP_SIGN): 0.859
   3 (PUSHING_HAND_AWAY): 0.830
   4 (SWIPE_DOWN): 0.866
   5 (SWIPE_LEFT): 0.816
   6 (SWIPE_RIGHT): 0.715
   7 (SWIPE_UP): 0.715
   8 (THUMB_DOWN): 0.815
   9 (THUMB_UP): 0.803
  10 (ZOOM_IN): 0.739
  11 (ZOOM_OUT): 0.803
  12 (CLASS_12): 0.770
  13 (CLASS_13): 0.749
  14 (CLASS_14): 0.714
  15 (CLASS_15): 0.750
  16 (CLASS_16): 0.885
  17 (CLASS_17): 0.865
  18 (CLASS_18): 0.868
  19 (CLASS_19): 0.862
  20 (CLASS_20): 0.752
  21 (CLASS_21): 0.832
  22 (CLASS_22): 0.861
  23 (CLASS_23): 0.900
  24 (CLASS_24): 0.891
  25 (CLASS_25): 0.910
  26 (CLASS_26): 0.670
[epoch 33] train_acc=0.8870 train_loss=0.4102 val_acc=0.7979 lr=1.25e-04
Per-class val accuracy (summary): IGNORE: 0.737 | NO_GESTURE: 0.740 | STOP_SIGN: 0.859 | PUSHING_HAND_AWAY: 0.830 | SWIPE_DOWN: 0.866 | SWIPE_LEFT: 0.816 | SWIPE_RIGHT: 0.715 | SWIPE_UP: 0.715 | THUMB_DOWN: 0.815 | THUMB_UP: 0.803 | ZOOM_IN: 0.739 | ZOOM_OUT: 0.803 | CLASS_12: 0.770 | CLASS_13: 0.749 | CLASS_14: 0.714 | CLASS_15: 0.750 | CLASS_16: 0.885 | CLASS_17: 0.865 | CLASS_18: 0.868 | CLASS_19: 0.862 | CLASS_20: 0.752 | CLASS_21: 0.832 | CLASS_22: 0.861 | CLASS_23: 0.900 | CLASS_24: 0.891 | CLASS_25: 0.910 | CLASS_26: 0.670

Per-class accuracy:
   0 (IGNORE): 0.749
   1 (NO_GESTURE): 0.758
   2 (STOP_SIGN): 0.851
   3 (PUSHING_HAND_AWAY): 0.830
   4 (SWIPE_DOWN): 0.866
   5 (SWIPE_LEFT): 0.820
   6 (SWIPE_RIGHT): 0.715
   7 (SWIPE_UP): 0.707
   8 (THUMB_DOWN): 0.823
   9 (THUMB_UP): 0.791
  10 (ZOOM_IN): 0.730
  11 (ZOOM_OUT): 0.798
  12 (CLASS_12): 0.750
  13 (CLASS_13): 0.762
  14 (CLASS_14): 0.714
  15 (CLASS_15): 0.750
  16 (CLASS_16): 0.885
  17 (CLASS_17): 0.862
  18 (CLASS_18): 0.868
  19 (CLASS_19): 0.851
  20 (CLASS_20): 0.744
  21 (CLASS_21): 0.824
  22 (CLASS_22): 0.865
  23 (CLASS_23): 0.900
  24 (CLASS_24): 0.887
  25 (CLASS_25): 0.906
  26 (CLASS_26): 0.659
[epoch 34] train_acc=0.8883 train_loss=0.4089 val_acc=0.7952 lr=1.25e-04
Per-class val accuracy (summary): IGNORE: 0.749 | NO_GESTURE: 0.758 | STOP_SIGN: 0.851 | PUSHING_HAND_AWAY: 0.830 | SWIPE_DOWN: 0.866 | SWIPE_LEFT: 0.820 | SWIPE_RIGHT: 0.715 | SWIPE_UP: 0.707 | THUMB_DOWN: 0.823 | THUMB_UP: 0.791 | ZOOM_IN: 0.730 | ZOOM_OUT: 0.798 | CLASS_12: 0.750 | CLASS_13: 0.762 | CLASS_14: 0.714 | CLASS_15: 0.750 | CLASS_16: 0.885 | CLASS_17: 0.862 | CLASS_18: 0.868 | CLASS_19: 0.851 | CLASS_20: 0.744 | CLASS_21: 0.824 | CLASS_22: 0.865 | CLASS_23: 0.900 | CLASS_24: 0.887 | CLASS_25: 0.906 | CLASS_26: 0.659

Per-class accuracy:
   0 (IGNORE): 0.741
   1 (NO_GESTURE): 0.762
   2 (STOP_SIGN): 0.851
   3 (PUSHING_HAND_AWAY): 0.813
   4 (SWIPE_DOWN): 0.870
   5 (SWIPE_LEFT): 0.812
   6 (SWIPE_RIGHT): 0.715
   7 (SWIPE_UP): 0.707
   8 (THUMB_DOWN): 0.815
   9 (THUMB_UP): 0.791
  10 (ZOOM_IN): 0.739
  11 (ZOOM_OUT): 0.807
  12 (CLASS_12): 0.758
  13 (CLASS_13): 0.770
  14 (CLASS_14): 0.699
  15 (CLASS_15): 0.776
  16 (CLASS_16): 0.878
  17 (CLASS_17): 0.865
  18 (CLASS_18): 0.875
  19 (CLASS_19): 0.854
  20 (CLASS_20): 0.748
  21 (CLASS_21): 0.824
  22 (CLASS_22): 0.869
  23 (CLASS_23): 0.888
  24 (CLASS_24): 0.879
  25 (CLASS_25): 0.910
  26 (CLASS_26): 0.656
[epoch 35] train_acc=0.8891 train_loss=0.4014 val_acc=0.7952 lr=1.25e-04
Per-class val accuracy (summary): IGNORE: 0.741 | NO_GESTURE: 0.762 | STOP_SIGN: 0.851 | PUSHING_HAND_AWAY: 0.813 | SWIPE_DOWN: 0.870 | SWIPE_LEFT: 0.812 | SWIPE_RIGHT: 0.715 | SWIPE_UP: 0.707 | THUMB_DOWN: 0.815 | THUMB_UP: 0.791 | ZOOM_IN: 0.739 | ZOOM_OUT: 0.807 | CLASS_12: 0.758 | CLASS_13: 0.770 | CLASS_14: 0.699 | CLASS_15: 0.776 | CLASS_16: 0.878 | CLASS_17: 0.865 | CLASS_18: 0.875 | CLASS_19: 0.854 | CLASS_20: 0.748 | CLASS_21: 0.824 | CLASS_22: 0.869 | CLASS_23: 0.888 | CLASS_24: 0.879 | CLASS_25: 0.910 | CLASS_26: 0.656

Per-class accuracy:
   0 (IGNORE): 0.729
   1 (NO_GESTURE): 0.753
   2 (STOP_SIGN): 0.839
   3 (PUSHING_HAND_AWAY): 0.813
   4 (SWIPE_DOWN): 0.874
   5 (SWIPE_LEFT): 0.836
   6 (SWIPE_RIGHT): 0.715
   7 (SWIPE_UP): 0.723
   8 (THUMB_DOWN): 0.811
   9 (THUMB_UP): 0.807
  10 (ZOOM_IN): 0.730
  11 (ZOOM_OUT): 0.798
  12 (CLASS_12): 0.775
  13 (CLASS_13): 0.724
  14 (CLASS_14): 0.730
  15 (CLASS_15): 0.755
  16 (CLASS_16): 0.889
  17 (CLASS_17): 0.865
  18 (CLASS_18): 0.868
  19 (CLASS_19): 0.854
  20 (CLASS_20): 0.752
  21 (CLASS_21): 0.836
  22 (CLASS_22): 0.869
  23 (CLASS_23): 0.876
  24 (CLASS_24): 0.895
  25 (CLASS_25): 0.891
  26 (CLASS_26): 0.659
  -> Learning rate reduced from 1.25e-04 to 6.25e-05
[epoch 36] train_acc=0.8904 train_loss=0.3988 val_acc=0.7952 lr=6.25e-05
Per-class val accuracy (summary): IGNORE: 0.729 | NO_GESTURE: 0.753 | STOP_SIGN: 0.839 | PUSHING_HAND_AWAY: 0.813 | SWIPE_DOWN: 0.874 | SWIPE_LEFT: 0.836 | SWIPE_RIGHT: 0.715 | SWIPE_UP: 0.723 | THUMB_DOWN: 0.811 | THUMB_UP: 0.807 | ZOOM_IN: 0.730 | ZOOM_OUT: 0.798 | CLASS_12: 0.775 | CLASS_13: 0.724 | CLASS_14: 0.730 | CLASS_15: 0.755 | CLASS_16: 0.889 | CLASS_17: 0.865 | CLASS_18: 0.868 | CLASS_19: 0.854 | CLASS_20: 0.752 | CLASS_21: 0.836 | CLASS_22: 0.869 | CLASS_23: 0.876 | CLASS_24: 0.895 | CLASS_25: 0.891 | CLASS_26: 0.659
Early stopping at epoch 36

✅ Training completed! Best validation accuracy: 0.7992
Model and label mapping saved to ./modified_jester_model
