Using device: cuda
Detected input dimension: 84
Detected input dimension: 84
Training samples: 50420
Validation samples: 7047
Input dimension: 84

Training on 27 classes:
   0: IGNORE
   1: NO_GESTURE
   2: STOP_SIGN
   3: PUSHING_HAND_AWAY
   4: SWIPE_DOWN
   5: SWIPE_LEFT
   6: SWIPE_RIGHT
   7: SWIPE_UP
   8: THUMB_DOWN
   9: THUMB_UP
  10: ZOOM_IN
  11: ZOOM_OUT
  12: CLASS_12
  13: CLASS_13
  14: CLASS_14
  15: CLASS_15
  16: CLASS_16
  17: CLASS_17
  18: CLASS_18
  19: CLASS_19
  20: CLASS_20
  21: CLASS_21
  22: CLASS_22
  23: CLASS_23
  24: CLASS_24
  25: CLASS_25
  26: CLASS_26
Model parameters: 717,507

🚀 Starting training with modified labels...

Per-class accuracy:
   0 (IGNORE): 0.575
   1 (NO_GESTURE): 0.537
   2 (STOP_SIGN): 0.710
   3 (PUSHING_HAND_AWAY): 0.622
   4 (SWIPE_DOWN): 0.573
   5 (SWIPE_LEFT): 0.688
   6 (SWIPE_RIGHT): 0.524
   7 (SWIPE_UP): 0.620
   8 (THUMB_DOWN): 0.590
   9 (THUMB_UP): 0.660
  10 (ZOOM_IN): 0.602
  11 (ZOOM_OUT): 0.712
  12 (CLASS_12): 0.160
  13 (CLASS_13): 0.636
  14 (CLASS_14): 0.561
  15 (CLASS_15): 0.594
  16 (CLASS_16): 0.836
  17 (CLASS_17): 0.688
  18 (CLASS_18): 0.825
  19 (CLASS_19): 0.690
  20 (CLASS_20): 0.689
  21 (CLASS_21): 0.804
  22 (CLASS_22): 0.612
  23 (CLASS_23): 0.560
  24 (CLASS_24): 0.755
  25 (CLASS_25): 0.914
  26 (CLASS_26): 0.422
[epoch  1] train_acc=0.4510 train_loss=1.9938 val_acc=0.6240 lr=5.00e-04
Per-class val accuracy (summary): IGNORE: 0.575 | NO_GESTURE: 0.537 | STOP_SIGN: 0.710 | PUSHING_HAND_AWAY: 0.622 | SWIPE_DOWN: 0.573 | SWIPE_LEFT: 0.688 | SWIPE_RIGHT: 0.524 | SWIPE_UP: 0.620 | THUMB_DOWN: 0.590 | THUMB_UP: 0.660 | ZOOM_IN: 0.602 | ZOOM_OUT: 0.712 | CLASS_12: 0.160 | CLASS_13: 0.636 | CLASS_14: 0.561 | CLASS_15: 0.594 | CLASS_16: 0.836 | CLASS_17: 0.688 | CLASS_18: 0.825 | CLASS_19: 0.690 | CLASS_20: 0.689 | CLASS_21: 0.804 | CLASS_22: 0.612 | CLASS_23: 0.560 | CLASS_24: 0.755 | CLASS_25: 0.914 | CLASS_26: 0.422
  → New best model saved! (val_acc: 0.6240)

Per-class accuracy:
   0 (IGNORE): 0.587
   1 (NO_GESTURE): 0.727
   2 (STOP_SIGN): 0.770
   3 (PUSHING_HAND_AWAY): 0.672
   4 (SWIPE_DOWN): 0.720
   5 (SWIPE_LEFT): 0.696
   6 (SWIPE_RIGHT): 0.610
   7 (SWIPE_UP): 0.649
   8 (THUMB_DOWN): 0.675
   9 (THUMB_UP): 0.717
  10 (ZOOM_IN): 0.647
  11 (ZOOM_OUT): 0.644
  12 (CLASS_12): 0.730
  13 (CLASS_13): 0.071
  14 (CLASS_14): 0.592
  15 (CLASS_15): 0.625
  16 (CLASS_16): 0.821
  17 (CLASS_17): 0.808
  18 (CLASS_18): 0.844
  19 (CLASS_19): 0.751
  20 (CLASS_20): 0.697
  21 (CLASS_21): 0.796
  22 (CLASS_22): 0.665
  23 (CLASS_23): 0.753
  24 (CLASS_24): 0.802
  25 (CLASS_25): 0.898
  26 (CLASS_26): 0.630
[epoch  2] train_acc=0.6540 train_loss=1.2385 val_acc=0.6882 lr=5.00e-04
Per-class val accuracy (summary): IGNORE: 0.587 | NO_GESTURE: 0.727 | STOP_SIGN: 0.770 | PUSHING_HAND_AWAY: 0.672 | SWIPE_DOWN: 0.720 | SWIPE_LEFT: 0.696 | SWIPE_RIGHT: 0.610 | SWIPE_UP: 0.649 | THUMB_DOWN: 0.675 | THUMB_UP: 0.717 | ZOOM_IN: 0.647 | ZOOM_OUT: 0.644 | CLASS_12: 0.730 | CLASS_13: 0.071 | CLASS_14: 0.592 | CLASS_15: 0.625 | CLASS_16: 0.821 | CLASS_17: 0.808 | CLASS_18: 0.844 | CLASS_19: 0.751 | CLASS_20: 0.697 | CLASS_21: 0.796 | CLASS_22: 0.665 | CLASS_23: 0.753 | CLASS_24: 0.802 | CLASS_25: 0.898 | CLASS_26: 0.630
  → New best model saved! (val_acc: 0.6882)

Per-class accuracy:
   0 (IGNORE): 0.684
   1 (NO_GESTURE): 0.675
   2 (STOP_SIGN): 0.827
   3 (PUSHING_HAND_AWAY): 0.734
   4 (SWIPE_DOWN): 0.748
   5 (SWIPE_LEFT): 0.768
   6 (SWIPE_RIGHT): 0.610
   7 (SWIPE_UP): 0.570
   8 (THUMB_DOWN): 0.743
   9 (THUMB_UP): 0.713
  10 (ZOOM_IN): 0.610
  11 (ZOOM_OUT): 0.691
  12 (CLASS_12): 0.668
  13 (CLASS_13): 0.276
  14 (CLASS_14): 0.679
  15 (CLASS_15): 0.729
  16 (CLASS_16): 0.729
  17 (CLASS_17): 0.838
  18 (CLASS_18): 0.790
  19 (CLASS_19): 0.839
  20 (CLASS_20): 0.727
  21 (CLASS_21): 0.800
  22 (CLASS_22): 0.722
  23 (CLASS_23): 0.660
  24 (CLASS_24): 0.848
  25 (CLASS_25): 0.895
  26 (CLASS_26): 0.541
[epoch  3] train_acc=0.6977 train_loss=1.0470 val_acc=0.6989 lr=5.00e-04
Per-class val accuracy (summary): IGNORE: 0.684 | NO_GESTURE: 0.675 | STOP_SIGN: 0.827 | PUSHING_HAND_AWAY: 0.734 | SWIPE_DOWN: 0.748 | SWIPE_LEFT: 0.768 | SWIPE_RIGHT: 0.610 | SWIPE_UP: 0.570 | THUMB_DOWN: 0.743 | THUMB_UP: 0.713 | ZOOM_IN: 0.610 | ZOOM_OUT: 0.691 | CLASS_12: 0.668 | CLASS_13: 0.276 | CLASS_14: 0.679 | CLASS_15: 0.729 | CLASS_16: 0.729 | CLASS_17: 0.838 | CLASS_18: 0.790 | CLASS_19: 0.839 | CLASS_20: 0.727 | CLASS_21: 0.800 | CLASS_22: 0.722 | CLASS_23: 0.660 | CLASS_24: 0.848 | CLASS_25: 0.895 | CLASS_26: 0.541
  → New best model saved! (val_acc: 0.6989)

Per-class accuracy:
   0 (IGNORE): 0.729
   1 (NO_GESTURE): 0.671
   2 (STOP_SIGN): 0.823
   3 (PUSHING_HAND_AWAY): 0.755
   4 (SWIPE_DOWN): 0.797
   5 (SWIPE_LEFT): 0.636
   6 (SWIPE_RIGHT): 0.679
   7 (SWIPE_UP): 0.628
   8 (THUMB_DOWN): 0.683
   9 (THUMB_UP): 0.791
  10 (ZOOM_IN): 0.639
  11 (ZOOM_OUT): 0.657
  12 (CLASS_12): 0.791
  13 (CLASS_13): 0.075
  14 (CLASS_14): 0.643
  15 (CLASS_15): 0.656
  16 (CLASS_16): 0.832
  17 (CLASS_17): 0.800
  18 (CLASS_18): 0.809
  19 (CLASS_19): 0.854
  20 (CLASS_20): 0.702
  21 (CLASS_21): 0.788
  22 (CLASS_22): 0.816
  23 (CLASS_23): 0.699
  24 (CLASS_24): 0.821
  25 (CLASS_25): 0.895
  26 (CLASS_26): 0.640
[epoch  4] train_acc=0.7214 train_loss=0.9552 val_acc=0.7132 lr=5.00e-04
Per-class val accuracy (summary): IGNORE: 0.729 | NO_GESTURE: 0.671 | STOP_SIGN: 0.823 | PUSHING_HAND_AWAY: 0.755 | SWIPE_DOWN: 0.797 | SWIPE_LEFT: 0.636 | SWIPE_RIGHT: 0.679 | SWIPE_UP: 0.628 | THUMB_DOWN: 0.683 | THUMB_UP: 0.791 | ZOOM_IN: 0.639 | ZOOM_OUT: 0.657 | CLASS_12: 0.791 | CLASS_13: 0.075 | CLASS_14: 0.643 | CLASS_15: 0.656 | CLASS_16: 0.832 | CLASS_17: 0.800 | CLASS_18: 0.809 | CLASS_19: 0.854 | CLASS_20: 0.702 | CLASS_21: 0.788 | CLASS_22: 0.816 | CLASS_23: 0.699 | CLASS_24: 0.821 | CLASS_25: 0.895 | CLASS_26: 0.640
  → New best model saved! (val_acc: 0.7132)

Per-class accuracy:
   0 (IGNORE): 0.692
   1 (NO_GESTURE): 0.740
   2 (STOP_SIGN): 0.839
   3 (PUSHING_HAND_AWAY): 0.722
   4 (SWIPE_DOWN): 0.764
   5 (SWIPE_LEFT): 0.780
   6 (SWIPE_RIGHT): 0.679
   7 (SWIPE_UP): 0.653
   8 (THUMB_DOWN): 0.651
   9 (THUMB_UP): 0.684
  10 (ZOOM_IN): 0.763
  11 (ZOOM_OUT): 0.807
  12 (CLASS_12): 0.467
  13 (CLASS_13): 0.640
  14 (CLASS_14): 0.628
  15 (CLASS_15): 0.677
  16 (CLASS_16): 0.847
  17 (CLASS_17): 0.785
  18 (CLASS_18): 0.833
  19 (CLASS_19): 0.831
  20 (CLASS_20): 0.723
  21 (CLASS_21): 0.812
  22 (CLASS_22): 0.837
  23 (CLASS_23): 0.745
  24 (CLASS_24): 0.895
  25 (CLASS_25): 0.895
  26 (CLASS_26): 0.600
[epoch  5] train_acc=0.7373 train_loss=0.9039 val_acc=0.7336 lr=5.00e-04
Per-class val accuracy (summary): IGNORE: 0.692 | NO_GESTURE: 0.740 | STOP_SIGN: 0.839 | PUSHING_HAND_AWAY: 0.722 | SWIPE_DOWN: 0.764 | SWIPE_LEFT: 0.780 | SWIPE_RIGHT: 0.679 | SWIPE_UP: 0.653 | THUMB_DOWN: 0.651 | THUMB_UP: 0.684 | ZOOM_IN: 0.763 | ZOOM_OUT: 0.807 | CLASS_12: 0.467 | CLASS_13: 0.640 | CLASS_14: 0.628 | CLASS_15: 0.677 | CLASS_16: 0.847 | CLASS_17: 0.785 | CLASS_18: 0.833 | CLASS_19: 0.831 | CLASS_20: 0.723 | CLASS_21: 0.812 | CLASS_22: 0.837 | CLASS_23: 0.745 | CLASS_24: 0.895 | CLASS_25: 0.895 | CLASS_26: 0.600
  → New best model saved! (val_acc: 0.7336)

Per-class accuracy:
   0 (IGNORE): 0.721
   1 (NO_GESTURE): 0.680
   2 (STOP_SIGN): 0.847
   3 (PUSHING_HAND_AWAY): 0.801
   4 (SWIPE_DOWN): 0.650
   5 (SWIPE_LEFT): 0.680
   6 (SWIPE_RIGHT): 0.683
   7 (SWIPE_UP): 0.607
   8 (THUMB_DOWN): 0.751
   9 (THUMB_UP): 0.803
  10 (ZOOM_IN): 0.664
  11 (ZOOM_OUT): 0.781
  12 (CLASS_12): 0.508
  13 (CLASS_13): 0.636
  14 (CLASS_14): 0.607
  15 (CLASS_15): 0.651
  16 (CLASS_16): 0.847
  17 (CLASS_17): 0.858
  18 (CLASS_18): 0.825
  19 (CLASS_19): 0.839
  20 (CLASS_20): 0.727
  21 (CLASS_21): 0.820
  22 (CLASS_22): 0.812
  23 (CLASS_23): 0.873
  24 (CLASS_24): 0.872
  25 (CLASS_25): 0.891
  26 (CLASS_26): 0.659
[epoch  6] train_acc=0.7503 train_loss=0.8621 val_acc=0.7420 lr=5.00e-04
Per-class val accuracy (summary): IGNORE: 0.721 | NO_GESTURE: 0.680 | STOP_SIGN: 0.847 | PUSHING_HAND_AWAY: 0.801 | SWIPE_DOWN: 0.650 | SWIPE_LEFT: 0.680 | SWIPE_RIGHT: 0.683 | SWIPE_UP: 0.607 | THUMB_DOWN: 0.751 | THUMB_UP: 0.803 | ZOOM_IN: 0.664 | ZOOM_OUT: 0.781 | CLASS_12: 0.508 | CLASS_13: 0.636 | CLASS_14: 0.607 | CLASS_15: 0.651 | CLASS_16: 0.847 | CLASS_17: 0.858 | CLASS_18: 0.825 | CLASS_19: 0.839 | CLASS_20: 0.727 | CLASS_21: 0.820 | CLASS_22: 0.812 | CLASS_23: 0.873 | CLASS_24: 0.872 | CLASS_25: 0.891 | CLASS_26: 0.659
  → New best model saved! (val_acc: 0.7420)

Per-class accuracy:
   0 (IGNORE): 0.688
   1 (NO_GESTURE): 0.732
   2 (STOP_SIGN): 0.819
   3 (PUSHING_HAND_AWAY): 0.801
   4 (SWIPE_DOWN): 0.825
   5 (SWIPE_LEFT): 0.816
   6 (SWIPE_RIGHT): 0.614
   7 (SWIPE_UP): 0.640
   8 (THUMB_DOWN): 0.747
   9 (THUMB_UP): 0.816
  10 (ZOOM_IN): 0.593
  11 (ZOOM_OUT): 0.764
  12 (CLASS_12): 0.689
  13 (CLASS_13): 0.448
  14 (CLASS_14): 0.673
  15 (CLASS_15): 0.719
  16 (CLASS_16): 0.828
  17 (CLASS_17): 0.819
  18 (CLASS_18): 0.837
  19 (CLASS_19): 0.831
  20 (CLASS_20): 0.731
  21 (CLASS_21): 0.812
  22 (CLASS_22): 0.808
  23 (CLASS_23): 0.784
  24 (CLASS_24): 0.840
  25 (CLASS_25): 0.883
  26 (CLASS_26): 0.631
[epoch  7] train_acc=0.7591 train_loss=0.8331 val_acc=0.7423 lr=5.00e-04
Per-class val accuracy (summary): IGNORE: 0.688 | NO_GESTURE: 0.732 | STOP_SIGN: 0.819 | PUSHING_HAND_AWAY: 0.801 | SWIPE_DOWN: 0.825 | SWIPE_LEFT: 0.816 | SWIPE_RIGHT: 0.614 | SWIPE_UP: 0.640 | THUMB_DOWN: 0.747 | THUMB_UP: 0.816 | ZOOM_IN: 0.593 | ZOOM_OUT: 0.764 | CLASS_12: 0.689 | CLASS_13: 0.448 | CLASS_14: 0.673 | CLASS_15: 0.719 | CLASS_16: 0.828 | CLASS_17: 0.819 | CLASS_18: 0.837 | CLASS_19: 0.831 | CLASS_20: 0.731 | CLASS_21: 0.812 | CLASS_22: 0.808 | CLASS_23: 0.784 | CLASS_24: 0.840 | CLASS_25: 0.883 | CLASS_26: 0.631
  → New best model saved! (val_acc: 0.7423)

Per-class accuracy:
   0 (IGNORE): 0.680
   1 (NO_GESTURE): 0.749
   2 (STOP_SIGN): 0.891
   3 (PUSHING_HAND_AWAY): 0.714
   4 (SWIPE_DOWN): 0.797
   5 (SWIPE_LEFT): 0.824
   6 (SWIPE_RIGHT): 0.691
   7 (SWIPE_UP): 0.686
   8 (THUMB_DOWN): 0.783
   9 (THUMB_UP): 0.820
  10 (ZOOM_IN): 0.693
  11 (ZOOM_OUT): 0.820
  12 (CLASS_12): 0.643
  13 (CLASS_13): 0.649
  14 (CLASS_14): 0.617
  15 (CLASS_15): 0.672
  16 (CLASS_16): 0.809
  17 (CLASS_17): 0.838
  18 (CLASS_18): 0.817
  19 (CLASS_19): 0.851
  20 (CLASS_20): 0.752
  21 (CLASS_21): 0.808
  22 (CLASS_22): 0.804
  23 (CLASS_23): 0.788
  24 (CLASS_24): 0.868
  25 (CLASS_25): 0.879
  26 (CLASS_26): 0.640
[epoch  8] train_acc=0.7686 train_loss=0.8043 val_acc=0.7571 lr=5.00e-04
Per-class val accuracy (summary): IGNORE: 0.680 | NO_GESTURE: 0.749 | STOP_SIGN: 0.891 | PUSHING_HAND_AWAY: 0.714 | SWIPE_DOWN: 0.797 | SWIPE_LEFT: 0.824 | SWIPE_RIGHT: 0.691 | SWIPE_UP: 0.686 | THUMB_DOWN: 0.783 | THUMB_UP: 0.820 | ZOOM_IN: 0.693 | ZOOM_OUT: 0.820 | CLASS_12: 0.643 | CLASS_13: 0.649 | CLASS_14: 0.617 | CLASS_15: 0.672 | CLASS_16: 0.809 | CLASS_17: 0.838 | CLASS_18: 0.817 | CLASS_19: 0.851 | CLASS_20: 0.752 | CLASS_21: 0.808 | CLASS_22: 0.804 | CLASS_23: 0.788 | CLASS_24: 0.868 | CLASS_25: 0.879 | CLASS_26: 0.640
  → New best model saved! (val_acc: 0.7571)

Per-class accuracy:
   0 (IGNORE): 0.729
   1 (NO_GESTURE): 0.753
   2 (STOP_SIGN): 0.867
   3 (PUSHING_HAND_AWAY): 0.768
   4 (SWIPE_DOWN): 0.679
   5 (SWIPE_LEFT): 0.808
   6 (SWIPE_RIGHT): 0.715
   7 (SWIPE_UP): 0.686
   8 (THUMB_DOWN): 0.771
   9 (THUMB_UP): 0.791
  10 (ZOOM_IN): 0.651
  11 (ZOOM_OUT): 0.803
  12 (CLASS_12): 0.553
  13 (CLASS_13): 0.715
  14 (CLASS_14): 0.592
  15 (CLASS_15): 0.719
  16 (CLASS_16): 0.874
  17 (CLASS_17): 0.862
  18 (CLASS_18): 0.844
  19 (CLASS_19): 0.847
  20 (CLASS_20): 0.761
  21 (CLASS_21): 0.820
  22 (CLASS_22): 0.878
  23 (CLASS_23): 0.749
  24 (CLASS_24): 0.887
  25 (CLASS_25): 0.863
  26 (CLASS_26): 0.647
[epoch  9] train_acc=0.7773 train_loss=0.7781 val_acc=0.7592 lr=5.00e-04
Per-class val accuracy (summary): IGNORE: 0.729 | NO_GESTURE: 0.753 | STOP_SIGN: 0.867 | PUSHING_HAND_AWAY: 0.768 | SWIPE_DOWN: 0.679 | SWIPE_LEFT: 0.808 | SWIPE_RIGHT: 0.715 | SWIPE_UP: 0.686 | THUMB_DOWN: 0.771 | THUMB_UP: 0.791 | ZOOM_IN: 0.651 | ZOOM_OUT: 0.803 | CLASS_12: 0.553 | CLASS_13: 0.715 | CLASS_14: 0.592 | CLASS_15: 0.719 | CLASS_16: 0.874 | CLASS_17: 0.862 | CLASS_18: 0.844 | CLASS_19: 0.847 | CLASS_20: 0.761 | CLASS_21: 0.820 | CLASS_22: 0.878 | CLASS_23: 0.749 | CLASS_24: 0.887 | CLASS_25: 0.863 | CLASS_26: 0.647
  → New best model saved! (val_acc: 0.7592)

Per-class accuracy:
   0 (IGNORE): 0.733
   1 (NO_GESTURE): 0.710
   2 (STOP_SIGN): 0.843
   3 (PUSHING_HAND_AWAY): 0.751
   4 (SWIPE_DOWN): 0.707
   5 (SWIPE_LEFT): 0.804
   6 (SWIPE_RIGHT): 0.683
   7 (SWIPE_UP): 0.698
   8 (THUMB_DOWN): 0.775
   9 (THUMB_UP): 0.816
  10 (ZOOM_IN): 0.714
  11 (ZOOM_OUT): 0.811
  12 (CLASS_12): 0.746
  13 (CLASS_13): 0.644
  14 (CLASS_14): 0.612
  15 (CLASS_15): 0.708
  16 (CLASS_16): 0.866
  17 (CLASS_17): 0.858
  18 (CLASS_18): 0.840
  19 (CLASS_19): 0.854
  20 (CLASS_20): 0.727
  21 (CLASS_21): 0.832
  22 (CLASS_22): 0.861
  23 (CLASS_23): 0.911
  24 (CLASS_24): 0.860
  25 (CLASS_25): 0.871
  26 (CLASS_26): 0.689
[epoch 10] train_acc=0.7853 train_loss=0.7564 val_acc=0.7725 lr=5.00e-04
Per-class val accuracy (summary): IGNORE: 0.733 | NO_GESTURE: 0.710 | STOP_SIGN: 0.843 | PUSHING_HAND_AWAY: 0.751 | SWIPE_DOWN: 0.707 | SWIPE_LEFT: 0.804 | SWIPE_RIGHT: 0.683 | SWIPE_UP: 0.698 | THUMB_DOWN: 0.775 | THUMB_UP: 0.816 | ZOOM_IN: 0.714 | ZOOM_OUT: 0.811 | CLASS_12: 0.746 | CLASS_13: 0.644 | CLASS_14: 0.612 | CLASS_15: 0.708 | CLASS_16: 0.866 | CLASS_17: 0.858 | CLASS_18: 0.840 | CLASS_19: 0.854 | CLASS_20: 0.727 | CLASS_21: 0.832 | CLASS_22: 0.861 | CLASS_23: 0.911 | CLASS_24: 0.860 | CLASS_25: 0.871 | CLASS_26: 0.689
  → New best model saved! (val_acc: 0.7725)

Per-class accuracy:
   0 (IGNORE): 0.749
   1 (NO_GESTURE): 0.706
   2 (STOP_SIGN): 0.875
   3 (PUSHING_HAND_AWAY): 0.730
   4 (SWIPE_DOWN): 0.821
   5 (SWIPE_LEFT): 0.800
   6 (SWIPE_RIGHT): 0.711
   7 (SWIPE_UP): 0.669
   8 (THUMB_DOWN): 0.811
   9 (THUMB_UP): 0.820
  10 (ZOOM_IN): 0.639
  11 (ZOOM_OUT): 0.820
  12 (CLASS_12): 0.664
  13 (CLASS_13): 0.724
  14 (CLASS_14): 0.638
  15 (CLASS_15): 0.729
  16 (CLASS_16): 0.859
  17 (CLASS_17): 0.827
  18 (CLASS_18): 0.872
  19 (CLASS_19): 0.843
  20 (CLASS_20): 0.752
  21 (CLASS_21): 0.832
  22 (CLASS_22): 0.829
  23 (CLASS_23): 0.888
  24 (CLASS_24): 0.875
  25 (CLASS_25): 0.863
  26 (CLASS_26): 0.630
[epoch 11] train_acc=0.7900 train_loss=0.7382 val_acc=0.7700 lr=5.00e-04
Per-class val accuracy (summary): IGNORE: 0.749 | NO_GESTURE: 0.706 | STOP_SIGN: 0.875 | PUSHING_HAND_AWAY: 0.730 | SWIPE_DOWN: 0.821 | SWIPE_LEFT: 0.800 | SWIPE_RIGHT: 0.711 | SWIPE_UP: 0.669 | THUMB_DOWN: 0.811 | THUMB_UP: 0.820 | ZOOM_IN: 0.639 | ZOOM_OUT: 0.820 | CLASS_12: 0.664 | CLASS_13: 0.724 | CLASS_14: 0.638 | CLASS_15: 0.729 | CLASS_16: 0.859 | CLASS_17: 0.827 | CLASS_18: 0.872 | CLASS_19: 0.843 | CLASS_20: 0.752 | CLASS_21: 0.832 | CLASS_22: 0.829 | CLASS_23: 0.888 | CLASS_24: 0.875 | CLASS_25: 0.863 | CLASS_26: 0.630

Per-class accuracy:
   0 (IGNORE): 0.652
   1 (NO_GESTURE): 0.758
   2 (STOP_SIGN): 0.802
   3 (PUSHING_HAND_AWAY): 0.805
   4 (SWIPE_DOWN): 0.878
   5 (SWIPE_LEFT): 0.780
   6 (SWIPE_RIGHT): 0.679
   7 (SWIPE_UP): 0.698
   8 (THUMB_DOWN): 0.779
   9 (THUMB_UP): 0.783
  10 (ZOOM_IN): 0.668
  11 (ZOOM_OUT): 0.824
  12 (CLASS_12): 0.615
  13 (CLASS_13): 0.770
  14 (CLASS_14): 0.643
  15 (CLASS_15): 0.708
  16 (CLASS_16): 0.828
  17 (CLASS_17): 0.846
  18 (CLASS_18): 0.872
  19 (CLASS_19): 0.851
  20 (CLASS_20): 0.735
  21 (CLASS_21): 0.816
  22 (CLASS_22): 0.882
  23 (CLASS_23): 0.749
  24 (CLASS_24): 0.875
  25 (CLASS_25): 0.863
  26 (CLASS_26): 0.662
[epoch 12] train_acc=0.7933 train_loss=0.7218 val_acc=0.7663 lr=5.00e-04
Per-class val accuracy (summary): IGNORE: 0.652 | NO_GESTURE: 0.758 | STOP_SIGN: 0.802 | PUSHING_HAND_AWAY: 0.805 | SWIPE_DOWN: 0.878 | SWIPE_LEFT: 0.780 | SWIPE_RIGHT: 0.679 | SWIPE_UP: 0.698 | THUMB_DOWN: 0.779 | THUMB_UP: 0.783 | ZOOM_IN: 0.668 | ZOOM_OUT: 0.824 | CLASS_12: 0.615 | CLASS_13: 0.770 | CLASS_14: 0.643 | CLASS_15: 0.708 | CLASS_16: 0.828 | CLASS_17: 0.846 | CLASS_18: 0.872 | CLASS_19: 0.851 | CLASS_20: 0.735 | CLASS_21: 0.816 | CLASS_22: 0.882 | CLASS_23: 0.749 | CLASS_24: 0.875 | CLASS_25: 0.863 | CLASS_26: 0.662

Per-class accuracy:
   0 (IGNORE): 0.729
   1 (NO_GESTURE): 0.745
   2 (STOP_SIGN): 0.827
   3 (PUSHING_HAND_AWAY): 0.730
   4 (SWIPE_DOWN): 0.886
   5 (SWIPE_LEFT): 0.864
   6 (SWIPE_RIGHT): 0.715
   7 (SWIPE_UP): 0.694
   8 (THUMB_DOWN): 0.771
   9 (THUMB_UP): 0.787
  10 (ZOOM_IN): 0.730
  11 (ZOOM_OUT): 0.798
  12 (CLASS_12): 0.652
  13 (CLASS_13): 0.782
  14 (CLASS_14): 0.612
  15 (CLASS_15): 0.745
  16 (CLASS_16): 0.844
  17 (CLASS_17): 0.846
  18 (CLASS_18): 0.848
  19 (CLASS_19): 0.839
  20 (CLASS_20): 0.748
  21 (CLASS_21): 0.820
  22 (CLASS_22): 0.824
  23 (CLASS_23): 0.803
  24 (CLASS_24): 0.887
  25 (CLASS_25): 0.867
  26 (CLASS_26): 0.659
[epoch 13] train_acc=0.7991 train_loss=0.7049 val_acc=0.7744 lr=5.00e-04
Per-class val accuracy (summary): IGNORE: 0.729 | NO_GESTURE: 0.745 | STOP_SIGN: 0.827 | PUSHING_HAND_AWAY: 0.730 | SWIPE_DOWN: 0.886 | SWIPE_LEFT: 0.864 | SWIPE_RIGHT: 0.715 | SWIPE_UP: 0.694 | THUMB_DOWN: 0.771 | THUMB_UP: 0.787 | ZOOM_IN: 0.730 | ZOOM_OUT: 0.798 | CLASS_12: 0.652 | CLASS_13: 0.782 | CLASS_14: 0.612 | CLASS_15: 0.745 | CLASS_16: 0.844 | CLASS_17: 0.846 | CLASS_18: 0.848 | CLASS_19: 0.839 | CLASS_20: 0.748 | CLASS_21: 0.820 | CLASS_22: 0.824 | CLASS_23: 0.803 | CLASS_24: 0.887 | CLASS_25: 0.867 | CLASS_26: 0.659
  → New best model saved! (val_acc: 0.7744)

Per-class accuracy:
   0 (IGNORE): 0.717
   1 (NO_GESTURE): 0.714
   2 (STOP_SIGN): 0.843
   3 (PUSHING_HAND_AWAY): 0.793
   4 (SWIPE_DOWN): 0.841
   5 (SWIPE_LEFT): 0.860
   6 (SWIPE_RIGHT): 0.687
   7 (SWIPE_UP): 0.682
   8 (THUMB_DOWN): 0.831
   9 (THUMB_UP): 0.787
  10 (ZOOM_IN): 0.660
  11 (ZOOM_OUT): 0.751
  12 (CLASS_12): 0.721
  13 (CLASS_13): 0.745
  14 (CLASS_14): 0.607
  15 (CLASS_15): 0.703
  16 (CLASS_16): 0.836
  17 (CLASS_17): 0.869
  18 (CLASS_18): 0.856
  19 (CLASS_19): 0.858
  20 (CLASS_20): 0.723
  21 (CLASS_21): 0.816
  22 (CLASS_22): 0.865
  23 (CLASS_23): 0.892
  24 (CLASS_24): 0.875
  25 (CLASS_25): 0.879
  26 (CLASS_26): 0.701
[epoch 14] train_acc=0.8037 train_loss=0.6909 val_acc=0.7800 lr=5.00e-04
Per-class val accuracy (summary): IGNORE: 0.717 | NO_GESTURE: 0.714 | STOP_SIGN: 0.843 | PUSHING_HAND_AWAY: 0.793 | SWIPE_DOWN: 0.841 | SWIPE_LEFT: 0.860 | SWIPE_RIGHT: 0.687 | SWIPE_UP: 0.682 | THUMB_DOWN: 0.831 | THUMB_UP: 0.787 | ZOOM_IN: 0.660 | ZOOM_OUT: 0.751 | CLASS_12: 0.721 | CLASS_13: 0.745 | CLASS_14: 0.607 | CLASS_15: 0.703 | CLASS_16: 0.836 | CLASS_17: 0.869 | CLASS_18: 0.856 | CLASS_19: 0.858 | CLASS_20: 0.723 | CLASS_21: 0.816 | CLASS_22: 0.865 | CLASS_23: 0.892 | CLASS_24: 0.875 | CLASS_25: 0.879 | CLASS_26: 0.701
  → New best model saved! (val_acc: 0.7800)

Per-class accuracy:
   0 (IGNORE): 0.753
   1 (NO_GESTURE): 0.745
   2 (STOP_SIGN): 0.810
   3 (PUSHING_HAND_AWAY): 0.755
   4 (SWIPE_DOWN): 0.817
   5 (SWIPE_LEFT): 0.876
   6 (SWIPE_RIGHT): 0.724
   7 (SWIPE_UP): 0.707
   8 (THUMB_DOWN): 0.791
   9 (THUMB_UP): 0.811
  10 (ZOOM_IN): 0.622
  11 (ZOOM_OUT): 0.794
  12 (CLASS_12): 0.742
  13 (CLASS_13): 0.715
  14 (CLASS_14): 0.638
  15 (CLASS_15): 0.776
  16 (CLASS_16): 0.866
  17 (CLASS_17): 0.862
  18 (CLASS_18): 0.872
  19 (CLASS_19): 0.839
  20 (CLASS_20): 0.739
  21 (CLASS_21): 0.836
  22 (CLASS_22): 0.869
  23 (CLASS_23): 0.826
  24 (CLASS_24): 0.872
  25 (CLASS_25): 0.867
  26 (CLASS_26): 0.672
[epoch 15] train_acc=0.8094 train_loss=0.6774 val_acc=0.7800 lr=5.00e-04
Per-class val accuracy (summary): IGNORE: 0.753 | NO_GESTURE: 0.745 | STOP_SIGN: 0.810 | PUSHING_HAND_AWAY: 0.755 | SWIPE_DOWN: 0.817 | SWIPE_LEFT: 0.876 | SWIPE_RIGHT: 0.724 | SWIPE_UP: 0.707 | THUMB_DOWN: 0.791 | THUMB_UP: 0.811 | ZOOM_IN: 0.622 | ZOOM_OUT: 0.794 | CLASS_12: 0.742 | CLASS_13: 0.715 | CLASS_14: 0.638 | CLASS_15: 0.776 | CLASS_16: 0.866 | CLASS_17: 0.862 | CLASS_18: 0.872 | CLASS_19: 0.839 | CLASS_20: 0.739 | CLASS_21: 0.836 | CLASS_22: 0.869 | CLASS_23: 0.826 | CLASS_24: 0.872 | CLASS_25: 0.867 | CLASS_26: 0.672

Per-class accuracy:
   0 (IGNORE): 0.753
   1 (NO_GESTURE): 0.727
   2 (STOP_SIGN): 0.819
   3 (PUSHING_HAND_AWAY): 0.768
   4 (SWIPE_DOWN): 0.862
   5 (SWIPE_LEFT): 0.840
   6 (SWIPE_RIGHT): 0.707
   7 (SWIPE_UP): 0.686
   8 (THUMB_DOWN): 0.807
   9 (THUMB_UP): 0.730
  10 (ZOOM_IN): 0.730
  11 (ZOOM_OUT): 0.820
  12 (CLASS_12): 0.549
  13 (CLASS_13): 0.778
  14 (CLASS_14): 0.643
  15 (CLASS_15): 0.745
  16 (CLASS_16): 0.851
  17 (CLASS_17): 0.854
  18 (CLASS_18): 0.860
  19 (CLASS_19): 0.843
  20 (CLASS_20): 0.744
  21 (CLASS_21): 0.824
  22 (CLASS_22): 0.853
  23 (CLASS_23): 0.857
  24 (CLASS_24): 0.887
  25 (CLASS_25): 0.891
  26 (CLASS_26): 0.676
[epoch 16] train_acc=0.8105 train_loss=0.6683 val_acc=0.7772 lr=5.00e-04
Per-class val accuracy (summary): IGNORE: 0.753 | NO_GESTURE: 0.727 | STOP_SIGN: 0.819 | PUSHING_HAND_AWAY: 0.768 | SWIPE_DOWN: 0.862 | SWIPE_LEFT: 0.840 | SWIPE_RIGHT: 0.707 | SWIPE_UP: 0.686 | THUMB_DOWN: 0.807 | THUMB_UP: 0.730 | ZOOM_IN: 0.730 | ZOOM_OUT: 0.820 | CLASS_12: 0.549 | CLASS_13: 0.778 | CLASS_14: 0.643 | CLASS_15: 0.745 | CLASS_16: 0.851 | CLASS_17: 0.854 | CLASS_18: 0.860 | CLASS_19: 0.843 | CLASS_20: 0.744 | CLASS_21: 0.824 | CLASS_22: 0.853 | CLASS_23: 0.857 | CLASS_24: 0.887 | CLASS_25: 0.891 | CLASS_26: 0.676

Per-class accuracy:
   0 (IGNORE): 0.733
   1 (NO_GESTURE): 0.714
   2 (STOP_SIGN): 0.871
   3 (PUSHING_HAND_AWAY): 0.755
   4 (SWIPE_DOWN): 0.813
   5 (SWIPE_LEFT): 0.796
   6 (SWIPE_RIGHT): 0.707
   7 (SWIPE_UP): 0.719
   8 (THUMB_DOWN): 0.803
   9 (THUMB_UP): 0.820
  10 (ZOOM_IN): 0.697
  11 (ZOOM_OUT): 0.841
  12 (CLASS_12): 0.783
  13 (CLASS_13): 0.715
  14 (CLASS_14): 0.638
  15 (CLASS_15): 0.745
  16 (CLASS_16): 0.840
  17 (CLASS_17): 0.869
  18 (CLASS_18): 0.840
  19 (CLASS_19): 0.851
  20 (CLASS_20): 0.731
  21 (CLASS_21): 0.832
  22 (CLASS_22): 0.886
  23 (CLASS_23): 0.865
  24 (CLASS_24): 0.868
  25 (CLASS_25): 0.871
  26 (CLASS_26): 0.635
[epoch 17] train_acc=0.8168 train_loss=0.6512 val_acc=0.7792 lr=5.00e-04
Per-class val accuracy (summary): IGNORE: 0.733 | NO_GESTURE: 0.714 | STOP_SIGN: 0.871 | PUSHING_HAND_AWAY: 0.755 | SWIPE_DOWN: 0.813 | SWIPE_LEFT: 0.796 | SWIPE_RIGHT: 0.707 | SWIPE_UP: 0.719 | THUMB_DOWN: 0.803 | THUMB_UP: 0.820 | ZOOM_IN: 0.697 | ZOOM_OUT: 0.841 | CLASS_12: 0.783 | CLASS_13: 0.715 | CLASS_14: 0.638 | CLASS_15: 0.745 | CLASS_16: 0.840 | CLASS_17: 0.869 | CLASS_18: 0.840 | CLASS_19: 0.851 | CLASS_20: 0.731 | CLASS_21: 0.832 | CLASS_22: 0.886 | CLASS_23: 0.865 | CLASS_24: 0.868 | CLASS_25: 0.871 | CLASS_26: 0.635

Per-class accuracy:
   0 (IGNORE): 0.749
   1 (NO_GESTURE): 0.714
   2 (STOP_SIGN): 0.859
   3 (PUSHING_HAND_AWAY): 0.801
   4 (SWIPE_DOWN): 0.870
   5 (SWIPE_LEFT): 0.816
   6 (SWIPE_RIGHT): 0.711
   7 (SWIPE_UP): 0.645
   8 (THUMB_DOWN): 0.807
   9 (THUMB_UP): 0.717
  10 (ZOOM_IN): 0.734
  11 (ZOOM_OUT): 0.794
  12 (CLASS_12): 0.717
  13 (CLASS_13): 0.736
  14 (CLASS_14): 0.679
  15 (CLASS_15): 0.719
  16 (CLASS_16): 0.836
  17 (CLASS_17): 0.850
  18 (CLASS_18): 0.872
  19 (CLASS_19): 0.851
  20 (CLASS_20): 0.744
  21 (CLASS_21): 0.828
  22 (CLASS_22): 0.841
  23 (CLASS_23): 0.788
  24 (CLASS_24): 0.875
  25 (CLASS_25): 0.863
  26 (CLASS_26): 0.714
[epoch 18] train_acc=0.8179 train_loss=0.6457 val_acc=0.7805 lr=5.00e-04
Per-class val accuracy (summary): IGNORE: 0.749 | NO_GESTURE: 0.714 | STOP_SIGN: 0.859 | PUSHING_HAND_AWAY: 0.801 | SWIPE_DOWN: 0.870 | SWIPE_LEFT: 0.816 | SWIPE_RIGHT: 0.711 | SWIPE_UP: 0.645 | THUMB_DOWN: 0.807 | THUMB_UP: 0.717 | ZOOM_IN: 0.734 | ZOOM_OUT: 0.794 | CLASS_12: 0.717 | CLASS_13: 0.736 | CLASS_14: 0.679 | CLASS_15: 0.719 | CLASS_16: 0.836 | CLASS_17: 0.850 | CLASS_18: 0.872 | CLASS_19: 0.851 | CLASS_20: 0.744 | CLASS_21: 0.828 | CLASS_22: 0.841 | CLASS_23: 0.788 | CLASS_24: 0.875 | CLASS_25: 0.863 | CLASS_26: 0.714
  → New best model saved! (val_acc: 0.7805)

Per-class accuracy:
   0 (IGNORE): 0.749
   1 (NO_GESTURE): 0.723
   2 (STOP_SIGN): 0.847
   3 (PUSHING_HAND_AWAY): 0.805
   4 (SWIPE_DOWN): 0.858
   5 (SWIPE_LEFT): 0.804
   6 (SWIPE_RIGHT): 0.711
   7 (SWIPE_UP): 0.698
   8 (THUMB_DOWN): 0.823
   9 (THUMB_UP): 0.734
  10 (ZOOM_IN): 0.726
  11 (ZOOM_OUT): 0.833
  12 (CLASS_12): 0.824
  13 (CLASS_13): 0.665
  14 (CLASS_14): 0.663
  15 (CLASS_15): 0.750
  16 (CLASS_16): 0.859
  17 (CLASS_17): 0.862
  18 (CLASS_18): 0.879
  19 (CLASS_19): 0.851
  20 (CLASS_20): 0.752
  21 (CLASS_21): 0.820
  22 (CLASS_22): 0.882
  23 (CLASS_23): 0.869
  24 (CLASS_24): 0.860
  25 (CLASS_25): 0.867
  26 (CLASS_26): 0.704
[epoch 19] train_acc=0.8216 train_loss=0.6318 val_acc=0.7898 lr=5.00e-04
Per-class val accuracy (summary): IGNORE: 0.749 | NO_GESTURE: 0.723 | STOP_SIGN: 0.847 | PUSHING_HAND_AWAY: 0.805 | SWIPE_DOWN: 0.858 | SWIPE_LEFT: 0.804 | SWIPE_RIGHT: 0.711 | SWIPE_UP: 0.698 | THUMB_DOWN: 0.823 | THUMB_UP: 0.734 | ZOOM_IN: 0.726 | ZOOM_OUT: 0.833 | CLASS_12: 0.824 | CLASS_13: 0.665 | CLASS_14: 0.663 | CLASS_15: 0.750 | CLASS_16: 0.859 | CLASS_17: 0.862 | CLASS_18: 0.879 | CLASS_19: 0.851 | CLASS_20: 0.752 | CLASS_21: 0.820 | CLASS_22: 0.882 | CLASS_23: 0.869 | CLASS_24: 0.860 | CLASS_25: 0.867 | CLASS_26: 0.704
  → New best model saved! (val_acc: 0.7898)

Per-class accuracy:
   0 (IGNORE): 0.725
   1 (NO_GESTURE): 0.758
   2 (STOP_SIGN): 0.839
   3 (PUSHING_HAND_AWAY): 0.763
   4 (SWIPE_DOWN): 0.854
   5 (SWIPE_LEFT): 0.880
   6 (SWIPE_RIGHT): 0.715
   7 (SWIPE_UP): 0.702
   8 (THUMB_DOWN): 0.823
   9 (THUMB_UP): 0.734
  10 (ZOOM_IN): 0.680
  11 (ZOOM_OUT): 0.790
  12 (CLASS_12): 0.639
  13 (CLASS_13): 0.791
  14 (CLASS_14): 0.673
  15 (CLASS_15): 0.734
  16 (CLASS_16): 0.824
  17 (CLASS_17): 0.873
  18 (CLASS_18): 0.852
  19 (CLASS_19): 0.858
  20 (CLASS_20): 0.748
  21 (CLASS_21): 0.820
  22 (CLASS_22): 0.853
  23 (CLASS_23): 0.807
  24 (CLASS_24): 0.872
  25 (CLASS_25): 0.906
  26 (CLASS_26): 0.635
[epoch 20] train_acc=0.8226 train_loss=0.6280 val_acc=0.7759 lr=5.00e-04
Per-class val accuracy (summary): IGNORE: 0.725 | NO_GESTURE: 0.758 | STOP_SIGN: 0.839 | PUSHING_HAND_AWAY: 0.763 | SWIPE_DOWN: 0.854 | SWIPE_LEFT: 0.880 | SWIPE_RIGHT: 0.715 | SWIPE_UP: 0.702 | THUMB_DOWN: 0.823 | THUMB_UP: 0.734 | ZOOM_IN: 0.680 | ZOOM_OUT: 0.790 | CLASS_12: 0.639 | CLASS_13: 0.791 | CLASS_14: 0.673 | CLASS_15: 0.734 | CLASS_16: 0.824 | CLASS_17: 0.873 | CLASS_18: 0.852 | CLASS_19: 0.858 | CLASS_20: 0.748 | CLASS_21: 0.820 | CLASS_22: 0.853 | CLASS_23: 0.807 | CLASS_24: 0.872 | CLASS_25: 0.906 | CLASS_26: 0.635

Per-class accuracy:
   0 (IGNORE): 0.749
   1 (NO_GESTURE): 0.714
   2 (STOP_SIGN): 0.847
   3 (PUSHING_HAND_AWAY): 0.768
   4 (SWIPE_DOWN): 0.846
   5 (SWIPE_LEFT): 0.836
   6 (SWIPE_RIGHT): 0.699
   7 (SWIPE_UP): 0.661
   8 (THUMB_DOWN): 0.807
   9 (THUMB_UP): 0.770
  10 (ZOOM_IN): 0.726
  11 (ZOOM_OUT): 0.837
  12 (CLASS_12): 0.516
  13 (CLASS_13): 0.833
  14 (CLASS_14): 0.684
  15 (CLASS_15): 0.760
  16 (CLASS_16): 0.847
  17 (CLASS_17): 0.881
  18 (CLASS_18): 0.860
  19 (CLASS_19): 0.847
  20 (CLASS_20): 0.739
  21 (CLASS_21): 0.824
  22 (CLASS_22): 0.878
  23 (CLASS_23): 0.849
  24 (CLASS_24): 0.907
  25 (CLASS_25): 0.883
  26 (CLASS_26): 0.705
[epoch 21] train_acc=0.8269 train_loss=0.6123 val_acc=0.7847 lr=5.00e-04
Per-class val accuracy (summary): IGNORE: 0.749 | NO_GESTURE: 0.714 | STOP_SIGN: 0.847 | PUSHING_HAND_AWAY: 0.768 | SWIPE_DOWN: 0.846 | SWIPE_LEFT: 0.836 | SWIPE_RIGHT: 0.699 | SWIPE_UP: 0.661 | THUMB_DOWN: 0.807 | THUMB_UP: 0.770 | ZOOM_IN: 0.726 | ZOOM_OUT: 0.837 | CLASS_12: 0.516 | CLASS_13: 0.833 | CLASS_14: 0.684 | CLASS_15: 0.760 | CLASS_16: 0.847 | CLASS_17: 0.881 | CLASS_18: 0.860 | CLASS_19: 0.847 | CLASS_20: 0.739 | CLASS_21: 0.824 | CLASS_22: 0.878 | CLASS_23: 0.849 | CLASS_24: 0.907 | CLASS_25: 0.883 | CLASS_26: 0.705

Per-class accuracy:
   0 (IGNORE): 0.709
   1 (NO_GESTURE): 0.749
   2 (STOP_SIGN): 0.835
   3 (PUSHING_HAND_AWAY): 0.801
   4 (SWIPE_DOWN): 0.846
   5 (SWIPE_LEFT): 0.840
   6 (SWIPE_RIGHT): 0.724
   7 (SWIPE_UP): 0.711
   8 (THUMB_DOWN): 0.827
   9 (THUMB_UP): 0.799
  10 (ZOOM_IN): 0.614
  11 (ZOOM_OUT): 0.811
  12 (CLASS_12): 0.766
  13 (CLASS_13): 0.762
  14 (CLASS_14): 0.709
  15 (CLASS_15): 0.734
  16 (CLASS_16): 0.878
  17 (CLASS_17): 0.858
  18 (CLASS_18): 0.848
  19 (CLASS_19): 0.854
  20 (CLASS_20): 0.744
  21 (CLASS_21): 0.820
  22 (CLASS_22): 0.890
  23 (CLASS_23): 0.857
  24 (CLASS_24): 0.883
  25 (CLASS_25): 0.867
  26 (CLASS_26): 0.693
[epoch 22] train_acc=0.8293 train_loss=0.6062 val_acc=0.7893 lr=5.00e-04
Per-class val accuracy (summary): IGNORE: 0.709 | NO_GESTURE: 0.749 | STOP_SIGN: 0.835 | PUSHING_HAND_AWAY: 0.801 | SWIPE_DOWN: 0.846 | SWIPE_LEFT: 0.840 | SWIPE_RIGHT: 0.724 | SWIPE_UP: 0.711 | THUMB_DOWN: 0.827 | THUMB_UP: 0.799 | ZOOM_IN: 0.614 | ZOOM_OUT: 0.811 | CLASS_12: 0.766 | CLASS_13: 0.762 | CLASS_14: 0.709 | CLASS_15: 0.734 | CLASS_16: 0.878 | CLASS_17: 0.858 | CLASS_18: 0.848 | CLASS_19: 0.854 | CLASS_20: 0.744 | CLASS_21: 0.820 | CLASS_22: 0.890 | CLASS_23: 0.857 | CLASS_24: 0.883 | CLASS_25: 0.867 | CLASS_26: 0.693

Per-class accuracy:
   0 (IGNORE): 0.737
   1 (NO_GESTURE): 0.775
   2 (STOP_SIGN): 0.871
   3 (PUSHING_HAND_AWAY): 0.801
   4 (SWIPE_DOWN): 0.874
   5 (SWIPE_LEFT): 0.808
   6 (SWIPE_RIGHT): 0.724
   7 (SWIPE_UP): 0.674
   8 (THUMB_DOWN): 0.823
   9 (THUMB_UP): 0.795
  10 (ZOOM_IN): 0.693
  11 (ZOOM_OUT): 0.803
  12 (CLASS_12): 0.693
  13 (CLASS_13): 0.803
  14 (CLASS_14): 0.648
  15 (CLASS_15): 0.760
  16 (CLASS_16): 0.885
  17 (CLASS_17): 0.865
  18 (CLASS_18): 0.864
  19 (CLASS_19): 0.839
  20 (CLASS_20): 0.748
  21 (CLASS_21): 0.824
  22 (CLASS_22): 0.878
  23 (CLASS_23): 0.795
  24 (CLASS_24): 0.899
  25 (CLASS_25): 0.875
  26 (CLASS_26): 0.654
[epoch 23] train_acc=0.8333 train_loss=0.5911 val_acc=0.7860 lr=5.00e-04
Per-class val accuracy (summary): IGNORE: 0.737 | NO_GESTURE: 0.775 | STOP_SIGN: 0.871 | PUSHING_HAND_AWAY: 0.801 | SWIPE_DOWN: 0.874 | SWIPE_LEFT: 0.808 | SWIPE_RIGHT: 0.724 | SWIPE_UP: 0.674 | THUMB_DOWN: 0.823 | THUMB_UP: 0.795 | ZOOM_IN: 0.693 | ZOOM_OUT: 0.803 | CLASS_12: 0.693 | CLASS_13: 0.803 | CLASS_14: 0.648 | CLASS_15: 0.760 | CLASS_16: 0.885 | CLASS_17: 0.865 | CLASS_18: 0.864 | CLASS_19: 0.839 | CLASS_20: 0.748 | CLASS_21: 0.824 | CLASS_22: 0.878 | CLASS_23: 0.795 | CLASS_24: 0.899 | CLASS_25: 0.875 | CLASS_26: 0.654

Per-class accuracy:
   0 (IGNORE): 0.749
   1 (NO_GESTURE): 0.762
   2 (STOP_SIGN): 0.863
   3 (PUSHING_HAND_AWAY): 0.793
   4 (SWIPE_DOWN): 0.886
   5 (SWIPE_LEFT): 0.848
   6 (SWIPE_RIGHT): 0.699
   7 (SWIPE_UP): 0.686
   8 (THUMB_DOWN): 0.831
   9 (THUMB_UP): 0.754
  10 (ZOOM_IN): 0.718
  11 (ZOOM_OUT): 0.738
  12 (CLASS_12): 0.762
  13 (CLASS_13): 0.766
  14 (CLASS_14): 0.628
  15 (CLASS_15): 0.781
  16 (CLASS_16): 0.863
  17 (CLASS_17): 0.873
  18 (CLASS_18): 0.852
  19 (CLASS_19): 0.851
  20 (CLASS_20): 0.756
  21 (CLASS_21): 0.824
  22 (CLASS_22): 0.878
  23 (CLASS_23): 0.795
  24 (CLASS_24): 0.887
  25 (CLASS_25): 0.883
  26 (CLASS_26): 0.656
[epoch 24] train_acc=0.8354 train_loss=0.5856 val_acc=0.7854 lr=5.00e-04
Per-class val accuracy (summary): IGNORE: 0.749 | NO_GESTURE: 0.762 | STOP_SIGN: 0.863 | PUSHING_HAND_AWAY: 0.793 | SWIPE_DOWN: 0.886 | SWIPE_LEFT: 0.848 | SWIPE_RIGHT: 0.699 | SWIPE_UP: 0.686 | THUMB_DOWN: 0.831 | THUMB_UP: 0.754 | ZOOM_IN: 0.718 | ZOOM_OUT: 0.738 | CLASS_12: 0.762 | CLASS_13: 0.766 | CLASS_14: 0.628 | CLASS_15: 0.781 | CLASS_16: 0.863 | CLASS_17: 0.873 | CLASS_18: 0.852 | CLASS_19: 0.851 | CLASS_20: 0.756 | CLASS_21: 0.824 | CLASS_22: 0.878 | CLASS_23: 0.795 | CLASS_24: 0.887 | CLASS_25: 0.883 | CLASS_26: 0.656

Per-class accuracy:
   0 (IGNORE): 0.725
   1 (NO_GESTURE): 0.740
   2 (STOP_SIGN): 0.839
   3 (PUSHING_HAND_AWAY): 0.763
   4 (SWIPE_DOWN): 0.862
   5 (SWIPE_LEFT): 0.868
   6 (SWIPE_RIGHT): 0.711
   7 (SWIPE_UP): 0.682
   8 (THUMB_DOWN): 0.827
   9 (THUMB_UP): 0.783
  10 (ZOOM_IN): 0.730
  11 (ZOOM_OUT): 0.807
  12 (CLASS_12): 0.668
  13 (CLASS_13): 0.795
  14 (CLASS_14): 0.668
  15 (CLASS_15): 0.766
  16 (CLASS_16): 0.885
  17 (CLASS_17): 0.858
  18 (CLASS_18): 0.852
  19 (CLASS_19): 0.847
  20 (CLASS_20): 0.735
  21 (CLASS_21): 0.832
  22 (CLASS_22): 0.878
  23 (CLASS_23): 0.803
  24 (CLASS_24): 0.895
  25 (CLASS_25): 0.887
  26 (CLASS_26): 0.693
  -> Learning rate reduced from 5.00e-04 to 2.50e-04
[epoch 25] train_acc=0.8361 train_loss=0.5804 val_acc=0.7883 lr=2.50e-04
Per-class val accuracy (summary): IGNORE: 0.725 | NO_GESTURE: 0.740 | STOP_SIGN: 0.839 | PUSHING_HAND_AWAY: 0.763 | SWIPE_DOWN: 0.862 | SWIPE_LEFT: 0.868 | SWIPE_RIGHT: 0.711 | SWIPE_UP: 0.682 | THUMB_DOWN: 0.827 | THUMB_UP: 0.783 | ZOOM_IN: 0.730 | ZOOM_OUT: 0.807 | CLASS_12: 0.668 | CLASS_13: 0.795 | CLASS_14: 0.668 | CLASS_15: 0.766 | CLASS_16: 0.885 | CLASS_17: 0.858 | CLASS_18: 0.852 | CLASS_19: 0.847 | CLASS_20: 0.735 | CLASS_21: 0.832 | CLASS_22: 0.878 | CLASS_23: 0.803 | CLASS_24: 0.895 | CLASS_25: 0.887 | CLASS_26: 0.693

Per-class accuracy:
   0 (IGNORE): 0.749
   1 (NO_GESTURE): 0.749
   2 (STOP_SIGN): 0.847
   3 (PUSHING_HAND_AWAY): 0.813
   4 (SWIPE_DOWN): 0.866
   5 (SWIPE_LEFT): 0.840
   6 (SWIPE_RIGHT): 0.732
   7 (SWIPE_UP): 0.690
   8 (THUMB_DOWN): 0.835
   9 (THUMB_UP): 0.807
  10 (ZOOM_IN): 0.730
  11 (ZOOM_OUT): 0.794
  12 (CLASS_12): 0.746
  13 (CLASS_13): 0.766
  14 (CLASS_14): 0.668
  15 (CLASS_15): 0.750
  16 (CLASS_16): 0.859
  17 (CLASS_17): 0.881
  18 (CLASS_18): 0.856
  19 (CLASS_19): 0.862
  20 (CLASS_20): 0.748
  21 (CLASS_21): 0.824
  22 (CLASS_22): 0.869
  23 (CLASS_23): 0.853
  24 (CLASS_24): 0.895
  25 (CLASS_25): 0.883
  26 (CLASS_26): 0.697
[epoch 26] train_acc=0.8463 train_loss=0.5448 val_acc=0.7961 lr=2.50e-04
Per-class val accuracy (summary): IGNORE: 0.749 | NO_GESTURE: 0.749 | STOP_SIGN: 0.847 | PUSHING_HAND_AWAY: 0.813 | SWIPE_DOWN: 0.866 | SWIPE_LEFT: 0.840 | SWIPE_RIGHT: 0.732 | SWIPE_UP: 0.690 | THUMB_DOWN: 0.835 | THUMB_UP: 0.807 | ZOOM_IN: 0.730 | ZOOM_OUT: 0.794 | CLASS_12: 0.746 | CLASS_13: 0.766 | CLASS_14: 0.668 | CLASS_15: 0.750 | CLASS_16: 0.859 | CLASS_17: 0.881 | CLASS_18: 0.856 | CLASS_19: 0.862 | CLASS_20: 0.748 | CLASS_21: 0.824 | CLASS_22: 0.869 | CLASS_23: 0.853 | CLASS_24: 0.895 | CLASS_25: 0.883 | CLASS_26: 0.697
  → New best model saved! (val_acc: 0.7961)

Per-class accuracy:
   0 (IGNORE): 0.688
   1 (NO_GESTURE): 0.745
   2 (STOP_SIGN): 0.827
   3 (PUSHING_HAND_AWAY): 0.801
   4 (SWIPE_DOWN): 0.878
   5 (SWIPE_LEFT): 0.816
   6 (SWIPE_RIGHT): 0.711
   7 (SWIPE_UP): 0.698
   8 (THUMB_DOWN): 0.791
   9 (THUMB_UP): 0.844
  10 (ZOOM_IN): 0.730
  11 (ZOOM_OUT): 0.841
  12 (CLASS_12): 0.791
  13 (CLASS_13): 0.732
  14 (CLASS_14): 0.673
  15 (CLASS_15): 0.760
  16 (CLASS_16): 0.870
  17 (CLASS_17): 0.873
  18 (CLASS_18): 0.860
  19 (CLASS_19): 0.847
  20 (CLASS_20): 0.739
  21 (CLASS_21): 0.828
  22 (CLASS_22): 0.898
  23 (CLASS_23): 0.884
  24 (CLASS_24): 0.887
  25 (CLASS_25): 0.895
  26 (CLASS_26): 0.691
[epoch 27] train_acc=0.8513 train_loss=0.5325 val_acc=0.7952 lr=2.50e-04
Per-class val accuracy (summary): IGNORE: 0.688 | NO_GESTURE: 0.745 | STOP_SIGN: 0.827 | PUSHING_HAND_AWAY: 0.801 | SWIPE_DOWN: 0.878 | SWIPE_LEFT: 0.816 | SWIPE_RIGHT: 0.711 | SWIPE_UP: 0.698 | THUMB_DOWN: 0.791 | THUMB_UP: 0.844 | ZOOM_IN: 0.730 | ZOOM_OUT: 0.841 | CLASS_12: 0.791 | CLASS_13: 0.732 | CLASS_14: 0.673 | CLASS_15: 0.760 | CLASS_16: 0.870 | CLASS_17: 0.873 | CLASS_18: 0.860 | CLASS_19: 0.847 | CLASS_20: 0.739 | CLASS_21: 0.828 | CLASS_22: 0.898 | CLASS_23: 0.884 | CLASS_24: 0.887 | CLASS_25: 0.895 | CLASS_26: 0.691

Per-class accuracy:
   0 (IGNORE): 0.721
   1 (NO_GESTURE): 0.758
   2 (STOP_SIGN): 0.839
   3 (PUSHING_HAND_AWAY): 0.826
   4 (SWIPE_DOWN): 0.866
   5 (SWIPE_LEFT): 0.804
   6 (SWIPE_RIGHT): 0.711
   7 (SWIPE_UP): 0.698
   8 (THUMB_DOWN): 0.847
   9 (THUMB_UP): 0.779
  10 (ZOOM_IN): 0.743
  11 (ZOOM_OUT): 0.794
  12 (CLASS_12): 0.807
  13 (CLASS_13): 0.703
  14 (CLASS_14): 0.622
  15 (CLASS_15): 0.786
  16 (CLASS_16): 0.878
  17 (CLASS_17): 0.873
  18 (CLASS_18): 0.864
  19 (CLASS_19): 0.851
  20 (CLASS_20): 0.735
  21 (CLASS_21): 0.828
  22 (CLASS_22): 0.894
  23 (CLASS_23): 0.896
  24 (CLASS_24): 0.883
  25 (CLASS_25): 0.883
  26 (CLASS_26): 0.677
[epoch 28] train_acc=0.8535 train_loss=0.5244 val_acc=0.7934 lr=2.50e-04
Per-class val accuracy (summary): IGNORE: 0.721 | NO_GESTURE: 0.758 | STOP_SIGN: 0.839 | PUSHING_HAND_AWAY: 0.826 | SWIPE_DOWN: 0.866 | SWIPE_LEFT: 0.804 | SWIPE_RIGHT: 0.711 | SWIPE_UP: 0.698 | THUMB_DOWN: 0.847 | THUMB_UP: 0.779 | ZOOM_IN: 0.743 | ZOOM_OUT: 0.794 | CLASS_12: 0.807 | CLASS_13: 0.703 | CLASS_14: 0.622 | CLASS_15: 0.786 | CLASS_16: 0.878 | CLASS_17: 0.873 | CLASS_18: 0.864 | CLASS_19: 0.851 | CLASS_20: 0.735 | CLASS_21: 0.828 | CLASS_22: 0.894 | CLASS_23: 0.896 | CLASS_24: 0.883 | CLASS_25: 0.883 | CLASS_26: 0.677

Per-class accuracy:
   0 (IGNORE): 0.725
   1 (NO_GESTURE): 0.762
   2 (STOP_SIGN): 0.867
   3 (PUSHING_HAND_AWAY): 0.826
   4 (SWIPE_DOWN): 0.858
   5 (SWIPE_LEFT): 0.816
   6 (SWIPE_RIGHT): 0.724
   7 (SWIPE_UP): 0.711
   8 (THUMB_DOWN): 0.823
   9 (THUMB_UP): 0.820
  10 (ZOOM_IN): 0.680
  11 (ZOOM_OUT): 0.811
  12 (CLASS_12): 0.734
  13 (CLASS_13): 0.766
  14 (CLASS_14): 0.658
  15 (CLASS_15): 0.771
  16 (CLASS_16): 0.847
  17 (CLASS_17): 0.873
  18 (CLASS_18): 0.833
  19 (CLASS_19): 0.862
  20 (CLASS_20): 0.748
  21 (CLASS_21): 0.824
  22 (CLASS_22): 0.869
  23 (CLASS_23): 0.869
  24 (CLASS_24): 0.907
  25 (CLASS_25): 0.887
  26 (CLASS_26): 0.630
[epoch 29] train_acc=0.8548 train_loss=0.5188 val_acc=0.7876 lr=2.50e-04
Per-class val accuracy (summary): IGNORE: 0.725 | NO_GESTURE: 0.762 | STOP_SIGN: 0.867 | PUSHING_HAND_AWAY: 0.826 | SWIPE_DOWN: 0.858 | SWIPE_LEFT: 0.816 | SWIPE_RIGHT: 0.724 | SWIPE_UP: 0.711 | THUMB_DOWN: 0.823 | THUMB_UP: 0.820 | ZOOM_IN: 0.680 | ZOOM_OUT: 0.811 | CLASS_12: 0.734 | CLASS_13: 0.766 | CLASS_14: 0.658 | CLASS_15: 0.771 | CLASS_16: 0.847 | CLASS_17: 0.873 | CLASS_18: 0.833 | CLASS_19: 0.862 | CLASS_20: 0.748 | CLASS_21: 0.824 | CLASS_22: 0.869 | CLASS_23: 0.869 | CLASS_24: 0.907 | CLASS_25: 0.887 | CLASS_26: 0.630

Per-class accuracy:
   0 (IGNORE): 0.737
   1 (NO_GESTURE): 0.745
   2 (STOP_SIGN): 0.847
   3 (PUSHING_HAND_AWAY): 0.797
   4 (SWIPE_DOWN): 0.825
   5 (SWIPE_LEFT): 0.860
   6 (SWIPE_RIGHT): 0.707
   7 (SWIPE_UP): 0.690
   8 (THUMB_DOWN): 0.811
   9 (THUMB_UP): 0.799
  10 (ZOOM_IN): 0.718
  11 (ZOOM_OUT): 0.807
  12 (CLASS_12): 0.795
  13 (CLASS_13): 0.707
  14 (CLASS_14): 0.684
  15 (CLASS_15): 0.760
  16 (CLASS_16): 0.866
  17 (CLASS_17): 0.877
  18 (CLASS_18): 0.879
  19 (CLASS_19): 0.831
  20 (CLASS_20): 0.735
  21 (CLASS_21): 0.824
  22 (CLASS_22): 0.873
  23 (CLASS_23): 0.892
  24 (CLASS_24): 0.879
  25 (CLASS_25): 0.891
  26 (CLASS_26): 0.673
[epoch 30] train_acc=0.8565 train_loss=0.5117 val_acc=0.7910 lr=2.50e-04
Per-class val accuracy (summary): IGNORE: 0.737 | NO_GESTURE: 0.745 | STOP_SIGN: 0.847 | PUSHING_HAND_AWAY: 0.797 | SWIPE_DOWN: 0.825 | SWIPE_LEFT: 0.860 | SWIPE_RIGHT: 0.707 | SWIPE_UP: 0.690 | THUMB_DOWN: 0.811 | THUMB_UP: 0.799 | ZOOM_IN: 0.718 | ZOOM_OUT: 0.807 | CLASS_12: 0.795 | CLASS_13: 0.707 | CLASS_14: 0.684 | CLASS_15: 0.760 | CLASS_16: 0.866 | CLASS_17: 0.877 | CLASS_18: 0.879 | CLASS_19: 0.831 | CLASS_20: 0.735 | CLASS_21: 0.824 | CLASS_22: 0.873 | CLASS_23: 0.892 | CLASS_24: 0.879 | CLASS_25: 0.891 | CLASS_26: 0.673

Per-class accuracy:
   0 (IGNORE): 0.737
   1 (NO_GESTURE): 0.740
   2 (STOP_SIGN): 0.843
   3 (PUSHING_HAND_AWAY): 0.822
   4 (SWIPE_DOWN): 0.882
   5 (SWIPE_LEFT): 0.836
   6 (SWIPE_RIGHT): 0.699
   7 (SWIPE_UP): 0.686
   8 (THUMB_DOWN): 0.807
   9 (THUMB_UP): 0.783
  10 (ZOOM_IN): 0.739
  11 (ZOOM_OUT): 0.794
  12 (CLASS_12): 0.754
  13 (CLASS_13): 0.782
  14 (CLASS_14): 0.679
  15 (CLASS_15): 0.766
  16 (CLASS_16): 0.859
  17 (CLASS_17): 0.881
  18 (CLASS_18): 0.852
  19 (CLASS_19): 0.858
  20 (CLASS_20): 0.748
  21 (CLASS_21): 0.828
  22 (CLASS_22): 0.873
  23 (CLASS_23): 0.896
  24 (CLASS_24): 0.860
  25 (CLASS_25): 0.887
  26 (CLASS_26): 0.679
[epoch 31] train_acc=0.8577 train_loss=0.5089 val_acc=0.7932 lr=2.50e-04
Per-class val accuracy (summary): IGNORE: 0.737 | NO_GESTURE: 0.740 | STOP_SIGN: 0.843 | PUSHING_HAND_AWAY: 0.822 | SWIPE_DOWN: 0.882 | SWIPE_LEFT: 0.836 | SWIPE_RIGHT: 0.699 | SWIPE_UP: 0.686 | THUMB_DOWN: 0.807 | THUMB_UP: 0.783 | ZOOM_IN: 0.739 | ZOOM_OUT: 0.794 | CLASS_12: 0.754 | CLASS_13: 0.782 | CLASS_14: 0.679 | CLASS_15: 0.766 | CLASS_16: 0.859 | CLASS_17: 0.881 | CLASS_18: 0.852 | CLASS_19: 0.858 | CLASS_20: 0.748 | CLASS_21: 0.828 | CLASS_22: 0.873 | CLASS_23: 0.896 | CLASS_24: 0.860 | CLASS_25: 0.887 | CLASS_26: 0.679

Per-class accuracy:
   0 (IGNORE): 0.733
   1 (NO_GESTURE): 0.749
   2 (STOP_SIGN): 0.823
   3 (PUSHING_HAND_AWAY): 0.793
   4 (SWIPE_DOWN): 0.882
   5 (SWIPE_LEFT): 0.840
   6 (SWIPE_RIGHT): 0.720
   7 (SWIPE_UP): 0.682
   8 (THUMB_DOWN): 0.823
   9 (THUMB_UP): 0.799
  10 (ZOOM_IN): 0.734
  11 (ZOOM_OUT): 0.850
  12 (CLASS_12): 0.648
  13 (CLASS_13): 0.816
  14 (CLASS_14): 0.684
  15 (CLASS_15): 0.766
  16 (CLASS_16): 0.866
  17 (CLASS_17): 0.873
  18 (CLASS_18): 0.837
  19 (CLASS_19): 0.847
  20 (CLASS_20): 0.748
  21 (CLASS_21): 0.832
  22 (CLASS_22): 0.869
  23 (CLASS_23): 0.880
  24 (CLASS_24): 0.860
  25 (CLASS_25): 0.887
  26 (CLASS_26): 0.656
  -> Learning rate reduced from 2.50e-04 to 1.25e-04
[epoch 32] train_acc=0.8599 train_loss=0.5033 val_acc=0.7890 lr=1.25e-04
Per-class val accuracy (summary): IGNORE: 0.733 | NO_GESTURE: 0.749 | STOP_SIGN: 0.823 | PUSHING_HAND_AWAY: 0.793 | SWIPE_DOWN: 0.882 | SWIPE_LEFT: 0.840 | SWIPE_RIGHT: 0.720 | SWIPE_UP: 0.682 | THUMB_DOWN: 0.823 | THUMB_UP: 0.799 | ZOOM_IN: 0.734 | ZOOM_OUT: 0.850 | CLASS_12: 0.648 | CLASS_13: 0.816 | CLASS_14: 0.684 | CLASS_15: 0.766 | CLASS_16: 0.866 | CLASS_17: 0.873 | CLASS_18: 0.837 | CLASS_19: 0.847 | CLASS_20: 0.748 | CLASS_21: 0.832 | CLASS_22: 0.869 | CLASS_23: 0.880 | CLASS_24: 0.860 | CLASS_25: 0.887 | CLASS_26: 0.656

Per-class accuracy:
   0 (IGNORE): 0.733
   1 (NO_GESTURE): 0.749
   2 (STOP_SIGN): 0.843
   3 (PUSHING_HAND_AWAY): 0.826
   4 (SWIPE_DOWN): 0.878
   5 (SWIPE_LEFT): 0.824
   6 (SWIPE_RIGHT): 0.707
   7 (SWIPE_UP): 0.690
   8 (THUMB_DOWN): 0.815
   9 (THUMB_UP): 0.820
  10 (ZOOM_IN): 0.726
  11 (ZOOM_OUT): 0.824
  12 (CLASS_12): 0.775
  13 (CLASS_13): 0.757
  14 (CLASS_14): 0.689
  15 (CLASS_15): 0.766
  16 (CLASS_16): 0.855
  17 (CLASS_17): 0.881
  18 (CLASS_18): 0.864
  19 (CLASS_19): 0.851
  20 (CLASS_20): 0.748
  21 (CLASS_21): 0.828
  22 (CLASS_22): 0.890
  23 (CLASS_23): 0.865
  24 (CLASS_24): 0.883
  25 (CLASS_25): 0.883
  26 (CLASS_26): 0.683
[epoch 33] train_acc=0.8644 train_loss=0.4860 val_acc=0.7962 lr=1.25e-04
Per-class val accuracy (summary): IGNORE: 0.733 | NO_GESTURE: 0.749 | STOP_SIGN: 0.843 | PUSHING_HAND_AWAY: 0.826 | SWIPE_DOWN: 0.878 | SWIPE_LEFT: 0.824 | SWIPE_RIGHT: 0.707 | SWIPE_UP: 0.690 | THUMB_DOWN: 0.815 | THUMB_UP: 0.820 | ZOOM_IN: 0.726 | ZOOM_OUT: 0.824 | CLASS_12: 0.775 | CLASS_13: 0.757 | CLASS_14: 0.689 | CLASS_15: 0.766 | CLASS_16: 0.855 | CLASS_17: 0.881 | CLASS_18: 0.864 | CLASS_19: 0.851 | CLASS_20: 0.748 | CLASS_21: 0.828 | CLASS_22: 0.890 | CLASS_23: 0.865 | CLASS_24: 0.883 | CLASS_25: 0.883 | CLASS_26: 0.683
  → New best model saved! (val_acc: 0.7962)

Per-class accuracy:
   0 (IGNORE): 0.729
   1 (NO_GESTURE): 0.758
   2 (STOP_SIGN): 0.843
   3 (PUSHING_HAND_AWAY): 0.809
   4 (SWIPE_DOWN): 0.870
   5 (SWIPE_LEFT): 0.836
   6 (SWIPE_RIGHT): 0.707
   7 (SWIPE_UP): 0.702
   8 (THUMB_DOWN): 0.815
   9 (THUMB_UP): 0.807
  10 (ZOOM_IN): 0.747
  11 (ZOOM_OUT): 0.828
  12 (CLASS_12): 0.762
  13 (CLASS_13): 0.782
  14 (CLASS_14): 0.689
  15 (CLASS_15): 0.781
  16 (CLASS_16): 0.851
  17 (CLASS_17): 0.881
  18 (CLASS_18): 0.864
  19 (CLASS_19): 0.851
  20 (CLASS_20): 0.744
  21 (CLASS_21): 0.828
  22 (CLASS_22): 0.890
  23 (CLASS_23): 0.880
  24 (CLASS_24): 0.887
  25 (CLASS_25): 0.898
  26 (CLASS_26): 0.675
[epoch 34] train_acc=0.8659 train_loss=0.4795 val_acc=0.7978 lr=1.25e-04
Per-class val accuracy (summary): IGNORE: 0.729 | NO_GESTURE: 0.758 | STOP_SIGN: 0.843 | PUSHING_HAND_AWAY: 0.809 | SWIPE_DOWN: 0.870 | SWIPE_LEFT: 0.836 | SWIPE_RIGHT: 0.707 | SWIPE_UP: 0.702 | THUMB_DOWN: 0.815 | THUMB_UP: 0.807 | ZOOM_IN: 0.747 | ZOOM_OUT: 0.828 | CLASS_12: 0.762 | CLASS_13: 0.782 | CLASS_14: 0.689 | CLASS_15: 0.781 | CLASS_16: 0.851 | CLASS_17: 0.881 | CLASS_18: 0.864 | CLASS_19: 0.851 | CLASS_20: 0.744 | CLASS_21: 0.828 | CLASS_22: 0.890 | CLASS_23: 0.880 | CLASS_24: 0.887 | CLASS_25: 0.898 | CLASS_26: 0.675
  → New best model saved! (val_acc: 0.7978)

Per-class accuracy:
   0 (IGNORE): 0.725
   1 (NO_GESTURE): 0.740
   2 (STOP_SIGN): 0.839
   3 (PUSHING_HAND_AWAY): 0.830
   4 (SWIPE_DOWN): 0.866
   5 (SWIPE_LEFT): 0.844
   6 (SWIPE_RIGHT): 0.707
   7 (SWIPE_UP): 0.686
   8 (THUMB_DOWN): 0.803
   9 (THUMB_UP): 0.820
  10 (ZOOM_IN): 0.726
  11 (ZOOM_OUT): 0.815
  12 (CLASS_12): 0.770
  13 (CLASS_13): 0.766
  14 (CLASS_14): 0.694
  15 (CLASS_15): 0.766
  16 (CLASS_16): 0.866
  17 (CLASS_17): 0.885
  18 (CLASS_18): 0.864
  19 (CLASS_19): 0.851
  20 (CLASS_20): 0.735
  21 (CLASS_21): 0.832
  22 (CLASS_22): 0.873
  23 (CLASS_23): 0.869
  24 (CLASS_24): 0.895
  25 (CLASS_25): 0.883
  26 (CLASS_26): 0.655
[epoch 35] train_acc=0.8673 train_loss=0.4764 val_acc=0.7928 lr=1.25e-04
Per-class val accuracy (summary): IGNORE: 0.725 | NO_GESTURE: 0.740 | STOP_SIGN: 0.839 | PUSHING_HAND_AWAY: 0.830 | SWIPE_DOWN: 0.866 | SWIPE_LEFT: 0.844 | SWIPE_RIGHT: 0.707 | SWIPE_UP: 0.686 | THUMB_DOWN: 0.803 | THUMB_UP: 0.820 | ZOOM_IN: 0.726 | ZOOM_OUT: 0.815 | CLASS_12: 0.770 | CLASS_13: 0.766 | CLASS_14: 0.694 | CLASS_15: 0.766 | CLASS_16: 0.866 | CLASS_17: 0.885 | CLASS_18: 0.864 | CLASS_19: 0.851 | CLASS_20: 0.735 | CLASS_21: 0.832 | CLASS_22: 0.873 | CLASS_23: 0.869 | CLASS_24: 0.895 | CLASS_25: 0.883 | CLASS_26: 0.655

Per-class accuracy:
   0 (IGNORE): 0.737
   1 (NO_GESTURE): 0.740
   2 (STOP_SIGN): 0.851
   3 (PUSHING_HAND_AWAY): 0.809
   4 (SWIPE_DOWN): 0.870
   5 (SWIPE_LEFT): 0.836
   6 (SWIPE_RIGHT): 0.724
   7 (SWIPE_UP): 0.707
   8 (THUMB_DOWN): 0.811
   9 (THUMB_UP): 0.824
  10 (ZOOM_IN): 0.722
  11 (ZOOM_OUT): 0.845
  12 (CLASS_12): 0.758
  13 (CLASS_13): 0.757
  14 (CLASS_14): 0.663
  15 (CLASS_15): 0.792
  16 (CLASS_16): 0.855
  17 (CLASS_17): 0.873
  18 (CLASS_18): 0.856
  19 (CLASS_19): 0.854
  20 (CLASS_20): 0.744
  21 (CLASS_21): 0.828
  22 (CLASS_22): 0.869
  23 (CLASS_23): 0.861
  24 (CLASS_24): 0.887
  25 (CLASS_25): 0.895
  26 (CLASS_26): 0.658
[epoch 36] train_acc=0.8679 train_loss=0.4747 val_acc=0.7937 lr=1.25e-04
Per-class val accuracy (summary): IGNORE: 0.737 | NO_GESTURE: 0.740 | STOP_SIGN: 0.851 | PUSHING_HAND_AWAY: 0.809 | SWIPE_DOWN: 0.870 | SWIPE_LEFT: 0.836 | SWIPE_RIGHT: 0.724 | SWIPE_UP: 0.707 | THUMB_DOWN: 0.811 | THUMB_UP: 0.824 | ZOOM_IN: 0.722 | ZOOM_OUT: 0.845 | CLASS_12: 0.758 | CLASS_13: 0.757 | CLASS_14: 0.663 | CLASS_15: 0.792 | CLASS_16: 0.855 | CLASS_17: 0.873 | CLASS_18: 0.856 | CLASS_19: 0.854 | CLASS_20: 0.744 | CLASS_21: 0.828 | CLASS_22: 0.869 | CLASS_23: 0.861 | CLASS_24: 0.887 | CLASS_25: 0.895 | CLASS_26: 0.658

Per-class accuracy:
   0 (IGNORE): 0.733
   1 (NO_GESTURE): 0.758
   2 (STOP_SIGN): 0.847
   3 (PUSHING_HAND_AWAY): 0.817
   4 (SWIPE_DOWN): 0.866
   5 (SWIPE_LEFT): 0.832
   6 (SWIPE_RIGHT): 0.724
   7 (SWIPE_UP): 0.707
   8 (THUMB_DOWN): 0.827
   9 (THUMB_UP): 0.803
  10 (ZOOM_IN): 0.705
  11 (ZOOM_OUT): 0.837
  12 (CLASS_12): 0.713
  13 (CLASS_13): 0.795
  14 (CLASS_14): 0.648
  15 (CLASS_15): 0.781
  16 (CLASS_16): 0.847
  17 (CLASS_17): 0.873
  18 (CLASS_18): 0.868
  19 (CLASS_19): 0.851
  20 (CLASS_20): 0.739
  21 (CLASS_21): 0.828
  22 (CLASS_22): 0.878
  23 (CLASS_23): 0.903
  24 (CLASS_24): 0.887
  25 (CLASS_25): 0.887
  26 (CLASS_26): 0.661
[epoch 37] train_acc=0.8683 train_loss=0.4731 val_acc=0.7937 lr=1.25e-04
Per-class val accuracy (summary): IGNORE: 0.733 | NO_GESTURE: 0.758 | STOP_SIGN: 0.847 | PUSHING_HAND_AWAY: 0.817 | SWIPE_DOWN: 0.866 | SWIPE_LEFT: 0.832 | SWIPE_RIGHT: 0.724 | SWIPE_UP: 0.707 | THUMB_DOWN: 0.827 | THUMB_UP: 0.803 | ZOOM_IN: 0.705 | ZOOM_OUT: 0.837 | CLASS_12: 0.713 | CLASS_13: 0.795 | CLASS_14: 0.648 | CLASS_15: 0.781 | CLASS_16: 0.847 | CLASS_17: 0.873 | CLASS_18: 0.868 | CLASS_19: 0.851 | CLASS_20: 0.739 | CLASS_21: 0.828 | CLASS_22: 0.878 | CLASS_23: 0.903 | CLASS_24: 0.887 | CLASS_25: 0.887 | CLASS_26: 0.661

Per-class accuracy:
   0 (IGNORE): 0.741
   1 (NO_GESTURE): 0.749
   2 (STOP_SIGN): 0.855
   3 (PUSHING_HAND_AWAY): 0.817
   4 (SWIPE_DOWN): 0.866
   5 (SWIPE_LEFT): 0.828
   6 (SWIPE_RIGHT): 0.715
   7 (SWIPE_UP): 0.686
   8 (THUMB_DOWN): 0.843
   9 (THUMB_UP): 0.779
  10 (ZOOM_IN): 0.697
  11 (ZOOM_OUT): 0.820
  12 (CLASS_12): 0.725
  13 (CLASS_13): 0.782
  14 (CLASS_14): 0.689
  15 (CLASS_15): 0.792
  16 (CLASS_16): 0.847
  17 (CLASS_17): 0.869
  18 (CLASS_18): 0.848
  19 (CLASS_19): 0.858
  20 (CLASS_20): 0.739
  21 (CLASS_21): 0.832
  22 (CLASS_22): 0.878
  23 (CLASS_23): 0.888
  24 (CLASS_24): 0.883
  25 (CLASS_25): 0.895
  26 (CLASS_26): 0.670
[epoch 38] train_acc=0.8694 train_loss=0.4688 val_acc=0.7932 lr=1.25e-04
Per-class val accuracy (summary): IGNORE: 0.741 | NO_GESTURE: 0.749 | STOP_SIGN: 0.855 | PUSHING_HAND_AWAY: 0.817 | SWIPE_DOWN: 0.866 | SWIPE_LEFT: 0.828 | SWIPE_RIGHT: 0.715 | SWIPE_UP: 0.686 | THUMB_DOWN: 0.843 | THUMB_UP: 0.779 | ZOOM_IN: 0.697 | ZOOM_OUT: 0.820 | CLASS_12: 0.725 | CLASS_13: 0.782 | CLASS_14: 0.689 | CLASS_15: 0.792 | CLASS_16: 0.847 | CLASS_17: 0.869 | CLASS_18: 0.848 | CLASS_19: 0.858 | CLASS_20: 0.739 | CLASS_21: 0.832 | CLASS_22: 0.878 | CLASS_23: 0.888 | CLASS_24: 0.883 | CLASS_25: 0.895 | CLASS_26: 0.670

Per-class accuracy:
   0 (IGNORE): 0.717
   1 (NO_GESTURE): 0.749
   2 (STOP_SIGN): 0.847
   3 (PUSHING_HAND_AWAY): 0.813
   4 (SWIPE_DOWN): 0.858
   5 (SWIPE_LEFT): 0.832
   6 (SWIPE_RIGHT): 0.720
   7 (SWIPE_UP): 0.694
   8 (THUMB_DOWN): 0.831
   9 (THUMB_UP): 0.770
  10 (ZOOM_IN): 0.714
  11 (ZOOM_OUT): 0.820
  12 (CLASS_12): 0.762
  13 (CLASS_13): 0.770
  14 (CLASS_14): 0.684
  15 (CLASS_15): 0.776
  16 (CLASS_16): 0.866
  17 (CLASS_17): 0.873
  18 (CLASS_18): 0.883
  19 (CLASS_19): 0.847
  20 (CLASS_20): 0.739
  21 (CLASS_21): 0.832
  22 (CLASS_22): 0.890
  23 (CLASS_23): 0.888
  24 (CLASS_24): 0.891
  25 (CLASS_25): 0.891
  26 (CLASS_26): 0.672
[epoch 39] train_acc=0.8708 train_loss=0.4658 val_acc=0.7948 lr=1.25e-04
Per-class val accuracy (summary): IGNORE: 0.717 | NO_GESTURE: 0.749 | STOP_SIGN: 0.847 | PUSHING_HAND_AWAY: 0.813 | SWIPE_DOWN: 0.858 | SWIPE_LEFT: 0.832 | SWIPE_RIGHT: 0.720 | SWIPE_UP: 0.694 | THUMB_DOWN: 0.831 | THUMB_UP: 0.770 | ZOOM_IN: 0.714 | ZOOM_OUT: 0.820 | CLASS_12: 0.762 | CLASS_13: 0.770 | CLASS_14: 0.684 | CLASS_15: 0.776 | CLASS_16: 0.866 | CLASS_17: 0.873 | CLASS_18: 0.883 | CLASS_19: 0.847 | CLASS_20: 0.739 | CLASS_21: 0.832 | CLASS_22: 0.890 | CLASS_23: 0.888 | CLASS_24: 0.891 | CLASS_25: 0.891 | CLASS_26: 0.672

Per-class accuracy:
   0 (IGNORE): 0.721
   1 (NO_GESTURE): 0.745
   2 (STOP_SIGN): 0.843
   3 (PUSHING_HAND_AWAY): 0.817
   4 (SWIPE_DOWN): 0.862
   5 (SWIPE_LEFT): 0.824
   6 (SWIPE_RIGHT): 0.699
   7 (SWIPE_UP): 0.702
   8 (THUMB_DOWN): 0.815
   9 (THUMB_UP): 0.816
  10 (ZOOM_IN): 0.722
  11 (ZOOM_OUT): 0.824
  12 (CLASS_12): 0.721
  13 (CLASS_13): 0.766
  14 (CLASS_14): 0.694
  15 (CLASS_15): 0.766
  16 (CLASS_16): 0.866
  17 (CLASS_17): 0.865
  18 (CLASS_18): 0.868
  19 (CLASS_19): 0.851
  20 (CLASS_20): 0.739
  21 (CLASS_21): 0.832
  22 (CLASS_22): 0.873
  23 (CLASS_23): 0.884
  24 (CLASS_24): 0.887
  25 (CLASS_25): 0.898
  26 (CLASS_26): 0.658
  -> Learning rate reduced from 1.25e-04 to 6.25e-05
[epoch 40] train_acc=0.8725 train_loss=0.4612 val_acc=0.7914 lr=6.25e-05
Per-class val accuracy (summary): IGNORE: 0.721 | NO_GESTURE: 0.745 | STOP_SIGN: 0.843 | PUSHING_HAND_AWAY: 0.817 | SWIPE_DOWN: 0.862 | SWIPE_LEFT: 0.824 | SWIPE_RIGHT: 0.699 | SWIPE_UP: 0.702 | THUMB_DOWN: 0.815 | THUMB_UP: 0.816 | ZOOM_IN: 0.722 | ZOOM_OUT: 0.824 | CLASS_12: 0.721 | CLASS_13: 0.766 | CLASS_14: 0.694 | CLASS_15: 0.766 | CLASS_16: 0.866 | CLASS_17: 0.865 | CLASS_18: 0.868 | CLASS_19: 0.851 | CLASS_20: 0.739 | CLASS_21: 0.832 | CLASS_22: 0.873 | CLASS_23: 0.884 | CLASS_24: 0.887 | CLASS_25: 0.898 | CLASS_26: 0.658

Per-class accuracy:
   0 (IGNORE): 0.717
   1 (NO_GESTURE): 0.749
   2 (STOP_SIGN): 0.843
   3 (PUSHING_HAND_AWAY): 0.813
   4 (SWIPE_DOWN): 0.866
   5 (SWIPE_LEFT): 0.840
   6 (SWIPE_RIGHT): 0.699
   7 (SWIPE_UP): 0.698
   8 (THUMB_DOWN): 0.823
   9 (THUMB_UP): 0.824
  10 (ZOOM_IN): 0.722
  11 (ZOOM_OUT): 0.820
  12 (CLASS_12): 0.770
  13 (CLASS_13): 0.757
  14 (CLASS_14): 0.684
  15 (CLASS_15): 0.776
  16 (CLASS_16): 0.863
  17 (CLASS_17): 0.873
  18 (CLASS_18): 0.860
  19 (CLASS_19): 0.851
  20 (CLASS_20): 0.739
  21 (CLASS_21): 0.832
  22 (CLASS_22): 0.894
  23 (CLASS_23): 0.888
  24 (CLASS_24): 0.879
  25 (CLASS_25): 0.887
  26 (CLASS_26): 0.662
[epoch 41] train_acc=0.8744 train_loss=0.4549 val_acc=0.7941 lr=6.25e-05
Per-class val accuracy (summary): IGNORE: 0.717 | NO_GESTURE: 0.749 | STOP_SIGN: 0.843 | PUSHING_HAND_AWAY: 0.813 | SWIPE_DOWN: 0.866 | SWIPE_LEFT: 0.840 | SWIPE_RIGHT: 0.699 | SWIPE_UP: 0.698 | THUMB_DOWN: 0.823 | THUMB_UP: 0.824 | ZOOM_IN: 0.722 | ZOOM_OUT: 0.820 | CLASS_12: 0.770 | CLASS_13: 0.757 | CLASS_14: 0.684 | CLASS_15: 0.776 | CLASS_16: 0.863 | CLASS_17: 0.873 | CLASS_18: 0.860 | CLASS_19: 0.851 | CLASS_20: 0.739 | CLASS_21: 0.832 | CLASS_22: 0.894 | CLASS_23: 0.888 | CLASS_24: 0.879 | CLASS_25: 0.887 | CLASS_26: 0.662

Per-class accuracy:
   0 (IGNORE): 0.729
   1 (NO_GESTURE): 0.753
   2 (STOP_SIGN): 0.847
   3 (PUSHING_HAND_AWAY): 0.813
   4 (SWIPE_DOWN): 0.870
   5 (SWIPE_LEFT): 0.848
   6 (SWIPE_RIGHT): 0.703
   7 (SWIPE_UP): 0.690
   8 (THUMB_DOWN): 0.823
   9 (THUMB_UP): 0.811
  10 (ZOOM_IN): 0.710
  11 (ZOOM_OUT): 0.807
  12 (CLASS_12): 0.762
  13 (CLASS_13): 0.766
  14 (CLASS_14): 0.694
  15 (CLASS_15): 0.781
  16 (CLASS_16): 0.859
  17 (CLASS_17): 0.869
  18 (CLASS_18): 0.848
  19 (CLASS_19): 0.851
  20 (CLASS_20): 0.739
  21 (CLASS_21): 0.832
  22 (CLASS_22): 0.894
  23 (CLASS_23): 0.880
  24 (CLASS_24): 0.883
  25 (CLASS_25): 0.891
  26 (CLASS_26): 0.662
[epoch 42] train_acc=0.8754 train_loss=0.4510 val_acc=0.7935 lr=6.25e-05
Per-class val accuracy (summary): IGNORE: 0.729 | NO_GESTURE: 0.753 | STOP_SIGN: 0.847 | PUSHING_HAND_AWAY: 0.813 | SWIPE_DOWN: 0.870 | SWIPE_LEFT: 0.848 | SWIPE_RIGHT: 0.703 | SWIPE_UP: 0.690 | THUMB_DOWN: 0.823 | THUMB_UP: 0.811 | ZOOM_IN: 0.710 | ZOOM_OUT: 0.807 | CLASS_12: 0.762 | CLASS_13: 0.766 | CLASS_14: 0.694 | CLASS_15: 0.781 | CLASS_16: 0.859 | CLASS_17: 0.869 | CLASS_18: 0.848 | CLASS_19: 0.851 | CLASS_20: 0.739 | CLASS_21: 0.832 | CLASS_22: 0.894 | CLASS_23: 0.880 | CLASS_24: 0.883 | CLASS_25: 0.891 | CLASS_26: 0.662

Per-class accuracy:
   0 (IGNORE): 0.733
   1 (NO_GESTURE): 0.753
   2 (STOP_SIGN): 0.851
   3 (PUSHING_HAND_AWAY): 0.817
   4 (SWIPE_DOWN): 0.874
   5 (SWIPE_LEFT): 0.824
   6 (SWIPE_RIGHT): 0.699
   7 (SWIPE_UP): 0.682
   8 (THUMB_DOWN): 0.823
   9 (THUMB_UP): 0.816
  10 (ZOOM_IN): 0.730
  11 (ZOOM_OUT): 0.815
  12 (CLASS_12): 0.770
  13 (CLASS_13): 0.762
  14 (CLASS_14): 0.673
  15 (CLASS_15): 0.792
  16 (CLASS_16): 0.863
  17 (CLASS_17): 0.869
  18 (CLASS_18): 0.860
  19 (CLASS_19): 0.851
  20 (CLASS_20): 0.739
  21 (CLASS_21): 0.832
  22 (CLASS_22): 0.882
  23 (CLASS_23): 0.884
  24 (CLASS_24): 0.883
  25 (CLASS_25): 0.887
  26 (CLASS_26): 0.662
[epoch 43] train_acc=0.8755 train_loss=0.4500 val_acc=0.7940 lr=6.25e-05
Per-class val accuracy (summary): IGNORE: 0.733 | NO_GESTURE: 0.753 | STOP_SIGN: 0.851 | PUSHING_HAND_AWAY: 0.817 | SWIPE_DOWN: 0.874 | SWIPE_LEFT: 0.824 | SWIPE_RIGHT: 0.699 | SWIPE_UP: 0.682 | THUMB_DOWN: 0.823 | THUMB_UP: 0.816 | ZOOM_IN: 0.730 | ZOOM_OUT: 0.815 | CLASS_12: 0.770 | CLASS_13: 0.762 | CLASS_14: 0.673 | CLASS_15: 0.792 | CLASS_16: 0.863 | CLASS_17: 0.869 | CLASS_18: 0.860 | CLASS_19: 0.851 | CLASS_20: 0.739 | CLASS_21: 0.832 | CLASS_22: 0.882 | CLASS_23: 0.884 | CLASS_24: 0.883 | CLASS_25: 0.887 | CLASS_26: 0.662

Per-class accuracy:
   0 (IGNORE): 0.729
   1 (NO_GESTURE): 0.749
   2 (STOP_SIGN): 0.843
   3 (PUSHING_HAND_AWAY): 0.813
   4 (SWIPE_DOWN): 0.866
   5 (SWIPE_LEFT): 0.832
   6 (SWIPE_RIGHT): 0.703
   7 (SWIPE_UP): 0.707
   8 (THUMB_DOWN): 0.815
   9 (THUMB_UP): 0.816
  10 (ZOOM_IN): 0.722
  11 (ZOOM_OUT): 0.820
  12 (CLASS_12): 0.750
  13 (CLASS_13): 0.770
  14 (CLASS_14): 0.673
  15 (CLASS_15): 0.776
  16 (CLASS_16): 0.866
  17 (CLASS_17): 0.877
  18 (CLASS_18): 0.872
  19 (CLASS_19): 0.851
  20 (CLASS_20): 0.739
  21 (CLASS_21): 0.828
  22 (CLASS_22): 0.882
  23 (CLASS_23): 0.869
  24 (CLASS_24): 0.887
  25 (CLASS_25): 0.898
  26 (CLASS_26): 0.659
[epoch 44] train_acc=0.8755 train_loss=0.4497 val_acc=0.7934 lr=6.25e-05
Per-class val accuracy (summary): IGNORE: 0.729 | NO_GESTURE: 0.749 | STOP_SIGN: 0.843 | PUSHING_HAND_AWAY: 0.813 | SWIPE_DOWN: 0.866 | SWIPE_LEFT: 0.832 | SWIPE_RIGHT: 0.703 | SWIPE_UP: 0.707 | THUMB_DOWN: 0.815 | THUMB_UP: 0.816 | ZOOM_IN: 0.722 | ZOOM_OUT: 0.820 | CLASS_12: 0.750 | CLASS_13: 0.770 | CLASS_14: 0.673 | CLASS_15: 0.776 | CLASS_16: 0.866 | CLASS_17: 0.877 | CLASS_18: 0.872 | CLASS_19: 0.851 | CLASS_20: 0.739 | CLASS_21: 0.828 | CLASS_22: 0.882 | CLASS_23: 0.869 | CLASS_24: 0.887 | CLASS_25: 0.898 | CLASS_26: 0.659

Per-class accuracy:
   0 (IGNORE): 0.721
   1 (NO_GESTURE): 0.732
   2 (STOP_SIGN): 0.843
   3 (PUSHING_HAND_AWAY): 0.822
   4 (SWIPE_DOWN): 0.874
   5 (SWIPE_LEFT): 0.808
   6 (SWIPE_RIGHT): 0.703
   7 (SWIPE_UP): 0.702
   8 (THUMB_DOWN): 0.815
   9 (THUMB_UP): 0.824
  10 (ZOOM_IN): 0.726
  11 (ZOOM_OUT): 0.803
  12 (CLASS_12): 0.746
  13 (CLASS_13): 0.766
  14 (CLASS_14): 0.663
  15 (CLASS_15): 0.786
  16 (CLASS_16): 0.859
  17 (CLASS_17): 0.877
  18 (CLASS_18): 0.860
  19 (CLASS_19): 0.854
  20 (CLASS_20): 0.744
  21 (CLASS_21): 0.828
  22 (CLASS_22): 0.878
  23 (CLASS_23): 0.876
  24 (CLASS_24): 0.887
  25 (CLASS_25): 0.898
  26 (CLASS_26): 0.672
[epoch 45] train_acc=0.8753 train_loss=0.4478 val_acc=0.7927 lr=6.25e-05
Per-class val accuracy (summary): IGNORE: 0.721 | NO_GESTURE: 0.732 | STOP_SIGN: 0.843 | PUSHING_HAND_AWAY: 0.822 | SWIPE_DOWN: 0.874 | SWIPE_LEFT: 0.808 | SWIPE_RIGHT: 0.703 | SWIPE_UP: 0.702 | THUMB_DOWN: 0.815 | THUMB_UP: 0.824 | ZOOM_IN: 0.726 | ZOOM_OUT: 0.803 | CLASS_12: 0.746 | CLASS_13: 0.766 | CLASS_14: 0.663 | CLASS_15: 0.786 | CLASS_16: 0.859 | CLASS_17: 0.877 | CLASS_18: 0.860 | CLASS_19: 0.854 | CLASS_20: 0.744 | CLASS_21: 0.828 | CLASS_22: 0.878 | CLASS_23: 0.876 | CLASS_24: 0.887 | CLASS_25: 0.898 | CLASS_26: 0.672

Per-class accuracy:
   0 (IGNORE): 0.729
   1 (NO_GESTURE): 0.753
   2 (STOP_SIGN): 0.847
   3 (PUSHING_HAND_AWAY): 0.813
   4 (SWIPE_DOWN): 0.870
   5 (SWIPE_LEFT): 0.836
   6 (SWIPE_RIGHT): 0.707
   7 (SWIPE_UP): 0.698
   8 (THUMB_DOWN): 0.827
   9 (THUMB_UP): 0.824
  10 (ZOOM_IN): 0.730
  11 (ZOOM_OUT): 0.811
  12 (CLASS_12): 0.758
  13 (CLASS_13): 0.778
  14 (CLASS_14): 0.679
  15 (CLASS_15): 0.771
  16 (CLASS_16): 0.866
  17 (CLASS_17): 0.873
  18 (CLASS_18): 0.856
  19 (CLASS_19): 0.854
  20 (CLASS_20): 0.739
  21 (CLASS_21): 0.828
  22 (CLASS_22): 0.878
  23 (CLASS_23): 0.888
  24 (CLASS_24): 0.883
  25 (CLASS_25): 0.891
  26 (CLASS_26): 0.663
  -> Learning rate reduced from 6.25e-05 to 3.13e-05
[epoch 46] train_acc=0.8767 train_loss=0.4465 val_acc=0.7951 lr=3.13e-05
Per-class val accuracy (summary): IGNORE: 0.729 | NO_GESTURE: 0.753 | STOP_SIGN: 0.847 | PUSHING_HAND_AWAY: 0.813 | SWIPE_DOWN: 0.870 | SWIPE_LEFT: 0.836 | SWIPE_RIGHT: 0.707 | SWIPE_UP: 0.698 | THUMB_DOWN: 0.827 | THUMB_UP: 0.824 | ZOOM_IN: 0.730 | ZOOM_OUT: 0.811 | CLASS_12: 0.758 | CLASS_13: 0.778 | CLASS_14: 0.679 | CLASS_15: 0.771 | CLASS_16: 0.866 | CLASS_17: 0.873 | CLASS_18: 0.856 | CLASS_19: 0.854 | CLASS_20: 0.739 | CLASS_21: 0.828 | CLASS_22: 0.878 | CLASS_23: 0.888 | CLASS_24: 0.883 | CLASS_25: 0.891 | CLASS_26: 0.663
Early stopping at epoch 46

✅ Training completed! Best validation accuracy: 0.7978
Model and label mapping saved to ./modified_jester_model
