Using device: cuda
Detected input dimension: 84
Detected input dimension: 84
Training samples: 50420
Validation samples: 7047
Input dimension: 84

Training on 12 classes:
   0: IGNORE
   1: NO_GESTURE
   2: STOP_SIGN
   3: PUSHING_HAND_AWAY
   4: SWIPE_DOWN
   5: SWIPE_LEFT
   6: SWIPE_RIGHT
   7: SWIPE_UP
   8: THUMB_DOWN
   9: THUMB_UP
  10: ZOOM_IN
  11: ZOOM_OUT
Model parameters: 4,021,044

🚀 Starting training with modified labels...
Traceback (most recent call last):
  File "/home/sayak/Downloads/optimized_training27.py", line 318, in <module>
    main()
  File "/home/sayak/Downloads/optimized_training27.py", line 250, in main
    train_acc, train_loss = train_one_epoch(
  File "/home/sayak/Downloads/optimized_training27.py", line 97, in train_one_epoch
    loss.backward()
  File "/home/sayak/venvs/rosgpu_isolated/lib/python3.10/site-packages/torch/_tensor.py", line 625, in backward
    torch.autograd.backward(
  File "/home/sayak/venvs/rosgpu_isolated/lib/python3.10/site-packages/torch/autograd/__init__.py", line 354, in backward
    _engine_run_backward(
  File "/home/sayak/venvs/rosgpu_isolated/lib/python3.10/site-packages/torch/autograd/graph.py", line 841, in _engine_run_backward
    return Variable._execution_engine.run_backward(  # Calls into the C++ engine to run the backward pass
torch.AcceleratorError: CUDA error: device-side assert triggered
Search for `cudaErrorAssert' in https://docs.nvidia.com/cuda/cuda-runtime-api/group__CUDART__TYPES.html for more information.
CUDA kernel errors might be asynchronously reported at some other API call, so the stacktrace below might be incorrect.
For debugging consider passing CUDA_LAUNCH_BLOCKING=1
Compile with `TORCH_USE_CUDA_DSA` to enable device-side assertions.

/pytorch/aten/src/ATen/native/cuda/Loss.cu:245: nll_loss_forward_reduce_cuda_kernel_2d: block: [0,0,0], thread: [0,0,0] Assertion `t >= 0 && t < n_classes` failed.
/pytorch/aten/src/ATen/native/cuda/Loss.cu:245: nll_loss_forward_reduce_cuda_kernel_2d: block: [0,0,0], thread: [1,0,0] Assertion `t >= 0 && t < n_classes` failed.
/pytorch/aten/src/ATen/native/cuda/Loss.cu:245: nll_loss_forward_reduce_cuda_kernel_2d: block: [0,0,0], thread: [2,0,0] Assertion `t >= 0 && t < n_classes` failed.
/pytorch/aten/src/ATen/native/cuda/Loss.cu:245: nll_loss_forward_reduce_cuda_kernel_2d: block: [0,0,0], thread: [4,0,0] Assertion `t >= 0 && t < n_classes` failed.
/pytorch/aten/src/ATen/native/cuda/Loss.cu:245: nll_loss_forward_reduce_cuda_kernel_2d: block: [0,0,0], thread: [5,0,0] Assertion `t >= 0 && t < n_classes` failed.
/pytorch/aten/src/ATen/native/cuda/Loss.cu:245: nll_loss_forward_reduce_cuda_kernel_2d: block: [0,0,0], thread: [6,0,0] Assertion `t >= 0 && t < n_classes` failed.
/pytorch/aten/src/ATen/native/cuda/Loss.cu:245: nll_loss_forward_reduce_cuda_kernel_2d: block: [0,0,0], thread: [8,0,0] Assertion `t >= 0 && t < n_classes` failed.
/pytorch/aten/src/ATen/native/cuda/Loss.cu:245: nll_loss_forward_reduce_cuda_kernel_2d: block: [0,0,0], thread: [10,0,0] Assertion `t >= 0 && t < n_classes` failed.
/pytorch/aten/src/ATen/native/cuda/Loss.cu:245: nll_loss_forward_reduce_cuda_kernel_2d: block: [0,0,0], thread: [11,0,0] Assertion `t >= 0 && t < n_classes` failed.
/pytorch/aten/src/ATen/native/cuda/Loss.cu:245: nll_loss_forward_reduce_cuda_kernel_2d: block: [0,0,0], thread: [14,0,0] Assertion `t >= 0 && t < n_classes` failed.
/pytorch/aten/src/ATen/native/cuda/Loss.cu:245: nll_loss_forward_reduce_cuda_kernel_2d: block: [0,0,0], thread: [16,0,0] Assertion `t >= 0 && t < n_classes` failed.
/pytorch/aten/src/ATen/native/cuda/Loss.cu:245: nll_loss_forward_reduce_cuda_kernel_2d: block: [0,0,0], thread: [17,0,0] Assertion `t >= 0 && t < n_classes` failed.
/pytorch/aten/src/ATen/native/cuda/Loss.cu:245: nll_loss_forward_reduce_cuda_kernel_2d: block: [0,0,0], thread: [18,0,0] Assertion `t >= 0 && t < n_classes` failed.
/pytorch/aten/src/ATen/native/cuda/Loss.cu:245: nll_loss_forward_reduce_cuda_kernel_2d: block: [0,0,0], thread: [19,0,0] Assertion `t >= 0 && t < n_classes` failed.
/pytorch/aten/src/ATen/native/cuda/Loss.cu:245: nll_loss_forward_reduce_cuda_kernel_2d: block: [0,0,0], thread: [21,0,0] Assertion `t >= 0 && t < n_classes` failed.
/pytorch/aten/src/ATen/native/cuda/Loss.cu:245: nll_loss_forward_reduce_cuda_kernel_2d: block: [0,0,0], thread: [22,0,0] Assertion `t >= 0 && t < n_classes` failed.
/pytorch/aten/src/ATen/native/cuda/Loss.cu:245: nll_loss_forward_reduce_cuda_kernel_2d: block: [0,0,0], thread: [25,0,0] Assertion `t >= 0 && t < n_classes` failed.
/pytorch/aten/src/ATen/native/cuda/Loss.cu:245: nll_loss_forward_reduce_cuda_kernel_2d: block: [0,0,0], thread: [26,0,0] Assertion `t >= 0 && t < n_classes` failed.
/pytorch/aten/src/ATen/native/cuda/Loss.cu:245: nll_loss_forward_reduce_cuda_kernel_2d: block: [0,0,0], thread: [27,0,0] Assertion `t >= 0 && t < n_classes` failed.
/pytorch/aten/src/ATen/native/cuda/Loss.cu:245: nll_loss_forward_reduce_cuda_kernel_2d: block: [0,0,0], thread: [29,0,0] Assertion `t >= 0 && t < n_classes` failed.
/pytorch/aten/src/ATen/native/cuda/Loss.cu:245: nll_loss_forward_reduce_cuda_kernel_2d: block: [0,0,0], thread: [30,0,0] Assertion `t >= 0 && t < n_classes` failed.
/pytorch/aten/src/ATen/native/cuda/Loss.cu:245: nll_loss_forward_reduce_cuda_kernel_2d: block: [0,0,0], thread: [31,0,0] Assertion `t >= 0 && t < n_classes` failed.
